12:37:47,285 INFO SeBS-0b68: Created experiment output at /root/Benchmarks/SeBS/502.graph-mst
12:37:47,358 INFO Wallet-79ca: Generating unique resource name wallet-1dd2c260
12:37:47,361 INFO minio.Minio-5739: Initialize a new bucket for benchmarks
12:37:47,366 INFO minio.Minio-5739: Created bucket sebs-benchmarks-wallet-1dd2c260
12:37:47,537 INFO Benchmark-4626: Building benchmark 502.graph-mst. Reason: no cached code package.
12:37:47,741 INFO Benchmark-4626: There is no Docker build image for wallet run in python, thus skipping the Docker-based installation of dependencies.
12:37:47,816 INFO Wallet-79ca: Function size 0.000005 MB
12:37:47,857 INFO Benchmark-4626: Created code package (source hash: 08d82ebb8cc0f8dec423dc6f154396ef), for run on wallet with python:3.11
12:37:48,213 INFO Wallet-79ca: Creating new function! Reason: function 502.graph-mst-python-3.11 not found in cache.
12:37:48,932 INFO Experiment.PerfCost-0402: Begin experiment
12:37:48,932 INFO Experiment.PerfCost-0402: Begin cold experiments
12:37:48,936 INFO Wallet.WalletFunction-2a44: Not stopping function as it was not running
12:37:58,720 INFO Experiment.PerfCost-0402: Processed 1 samples out of 5, 0 errors
12:38:03,726 INFO Wallet.WalletFunction-2a44: Stopping function
12:38:03,727 INFO Wallet.WalletFunction-2a44: Function stopped succesfully
12:38:14,271 INFO Experiment.PerfCost-0402: Processed 2 samples out of 5, 0 errors
12:38:19,277 INFO Wallet.WalletFunction-2a44: Stopping function
12:38:19,278 INFO Wallet.WalletFunction-2a44: Function stopped succesfully
12:38:30,609 INFO Experiment.PerfCost-0402: Processed 3 samples out of 5, 0 errors
12:38:35,612 INFO Wallet.WalletFunction-2a44: Stopping function
12:38:35,613 INFO Wallet.WalletFunction-2a44: Function stopped succesfully
12:38:46,122 INFO Experiment.PerfCost-0402: Processed 4 samples out of 5, 0 errors
12:38:51,128 INFO Wallet.WalletFunction-2a44: Stopping function
12:38:51,129 INFO Wallet.WalletFunction-2a44: Function stopped succesfully
12:39:00,375 INFO Experiment.PerfCost-0402: Processed 5 samples out of 5, 0 errors
12:39:05,384 INFO Experiment.PerfCost-0402: Mean 5279.266399999999 [ms], median 5505.581 [ms], std 713.1375227109005, CV 13.508269306335832
12:39:05,390 INFO Experiment.PerfCost-0402: Parametric CI (Student's t-distribution) 0.95 from 4289.272807868217 to 6269.259992131781, within 18.752484097634895% of mean
12:39:05,392 INFO Experiment.PerfCost-0402: Parametric CI (Student's t-distribution) 0.99 from 3637.5899945362517 to 6920.942805463746, within 31.096676717502785% of mean
12:39:05,396 INFO Experiment.PerfCost-0402: Begin sequential experiments
12:39:10,515 INFO Experiment.PerfCost-0402: Processed 1 samples out of 5, 0 errors
12:39:20,576 INFO Experiment.PerfCost-0402: Processed 2 samples out of 5, 0 errors
12:39:30,637 INFO Experiment.PerfCost-0402: Processed 3 samples out of 5, 0 errors
12:39:40,695 INFO Experiment.PerfCost-0402: Processed 4 samples out of 5, 0 errors
12:39:50,756 INFO Experiment.PerfCost-0402: Processed 5 samples out of 5, 0 errors
12:39:55,763 INFO Experiment.PerfCost-0402: Mean 50.6232 [ms], median 50.432 [ms], std 0.8358869301526372, CV 1.6511933859428822
12:39:55,765 INFO Experiment.PerfCost-0402: Parametric CI (Student's t-distribution) 0.95 from 49.462802912139445 to 51.78359708786055, within 2.2922238970680486% of mean
12:39:55,767 INFO Experiment.PerfCost-0402: Parametric CI (Student's t-distribution) 0.99 from 48.69894863590033 to 52.547451364099665, within 3.8011254999677377% of mean
12:39:55,771 INFO Wallet.WalletFunction-2a44: Stopping function
12:39:55,773 INFO Wallet.WalletFunction-2a44: Function stopped succesfully
