17:05:49,281 INFO SeBS-9037: Created experiment output at /root/Benchmarks/SeBS/110.dynamic-html
17:05:49,360 INFO WalletWarm-cc40: Generating unique resource name walletwarm-37930742
17:05:49,363 INFO minio.Minio-68e9: Initialize a new bucket for benchmarks
17:05:49,368 INFO minio.Minio-68e9: Created bucket sebs-benchmarks-walletwarm-37930742
17:05:49,611 INFO Benchmark-fc6c: Building benchmark 110.dynamic-html. Reason: no cached code package.
17:05:49,734 INFO Benchmark-fc6c: There is no Docker build image for wallet_warm run in python, thus skipping the Docker-based installation of dependencies.
17:05:49,772 INFO WalletWarm-cc40: Function size 0.000005 MB
17:05:49,800 INFO Benchmark-fc6c: Created code package (source hash: df7bdfe626d61a7c1f521476c26ace06), for run on wallet_warm with python:3.11
17:05:50,25 INFO WalletWarm-cc40: Creating new function! Reason: function 110.dynamic-html-python-3.11 not found in cache.
17:05:50,673 INFO Experiment.PerfCost-9ee2: Begin experiment
17:05:50,673 INFO Experiment.PerfCost-9ee2: Begin sequential experiments
17:05:58,682 INFO Experiment.PerfCost-9ee2: Processed 1 samples out of 5, 0 errors
17:06:09,430 INFO Experiment.PerfCost-9ee2: Processed 2 samples out of 5, 0 errors
17:06:20,173 INFO Experiment.PerfCost-9ee2: Processed 3 samples out of 5, 0 errors
17:06:30,974 INFO Experiment.PerfCost-9ee2: Processed 4 samples out of 5, 0 errors
17:06:41,711 INFO Experiment.PerfCost-9ee2: Processed 5 samples out of 5, 0 errors
17:06:46,720 INFO Experiment.PerfCost-9ee2: Mean 742.9691999999999 [ms], median 732.105 [ms], std 23.11552309077171, CV 3.111235713508947
17:06:46,725 INFO Experiment.PerfCost-9ee2: Parametric CI (Student's t-distribution) 0.95 from 710.87970953027 to 775.0586904697298, within 4.319087583944243% of mean
17:06:46,727 INFO Experiment.PerfCost-9ee2: Parametric CI (Student's t-distribution) 0.99 from 689.756169343841 to 796.1822306561588, within 7.162212196166267% of mean
17:06:46,734 INFO WalletWarm.WalletFunction-29b8: Stopping function
17:06:46,736 INFO WalletWarm.WalletFunction-29b8: Function stopped succesfully
