15:27:12,557 INFO SeBS-e410: Created experiment output at /root/Benchmarks/SeBS/503.graph-bfs
15:27:12,631 INFO WalletProfiling-49ad: Generating unique resource name walletprofiling-70ede1b4
15:27:12,634 INFO minio.Minio-3dbd: Initialize a new bucket for benchmarks
15:27:12,638 INFO minio.Minio-3dbd: Created bucket sebs-benchmarks-walletprofiling-70ede1b4
15:27:12,820 INFO Benchmark-bd78: Building benchmark 503.graph-bfs. Reason: no cached code package.
15:27:13,26 INFO Benchmark-bd78: There is no Docker build image for wallet_profiling run in python, thus skipping the Docker-based installation of dependencies.
15:27:13,103 INFO WalletProfiling-49ad: Function size 0.000005 MB
15:27:13,145 INFO Benchmark-bd78: Created code package (source hash: 693b2b32a88d140fc886ab0d72ec2ba1), for run on wallet_profiling with python:3.11
15:27:13,502 INFO WalletProfiling-49ad: Creating new function! Reason: function 503.graph-bfs-python-3.11 not found in cache.
15:27:14,212 INFO Experiment.PerfCost-f0b4: Begin experiment
15:27:14,213 INFO Experiment.PerfCost-f0b4: Begin cold experiments
15:27:14,216 INFO WalletProfiling.WalletFunction-9c34: Not stopping function as it was not running
15:27:23,64 INFO Experiment.PerfCost-f0b4: Processed 1 samples out of 5, 0 errors
15:27:28,70 INFO WalletProfiling.WalletFunction-9c34: Stopping function
15:27:28,71 INFO WalletProfiling.WalletFunction-9c34: Function stopped succesfully
15:27:36,132 INFO WalletProfiling.WalletFunction-9c34: Stopping function
15:27:36,133 INFO WalletProfiling.WalletFunction-9c34: Function stopped succesfully
15:27:36,133 ERROR Experiment.PerfCost-f0b4: Couldn't invoke function; output:

    <!DOCTYPE HTML PUBLIC "-//IETF//DTD HTML 2.0//EN">
    <html>
        <head>
            <title>Error: 500 Internal Server Error</title>
            <style type="text/css">
              html {background-color: #eee; font-family: sans-serif;}
              body {background-color: #fff; border: 1px solid #ddd;
                    padding: 15px; margin: 15px;}
              pre {background-color: #eee; border: 1px solid #ddd; padding: 5px;}
            </style>
        </head>
        <body>
            <h1>Error: 500 Internal Server Error</h1>
            <p>Sorry, the requested URL <tt>&#039;http://localhost:9002/&#039;</tt>
               caused an error:</p>
            <pre>Internal Server Error</pre>
              <h2>Exception:</h2>
              <pre>RuntimeError(&#039;basic_string::_M_construct null not valid&#039;)</pre>
              <h2>Traceback:</h2>
              <pre>Traceback (most recent call last):
  File &quot;/root/Benchmarks/SeBS/python-venv/lib/python3.10/site-packages/bottle.py&quot;, line 995, in _handle
    out = route.call(**args)
  File &quot;/root/Benchmarks/SeBS/python-venv/lib/python3.10/site-packages/bottle.py&quot;, line 2025, in wrapper
    rv = callback(*a, **ka)
  File &quot;/root/Benchmarks/SeBS/cache/503.graph-bfs/wallet_profiling/python/3.11/code/server.py&quot;, line 34, in process_request
    ret = trustlet.invoke_trustlet_bin(&quot;&quot;, output_len)
  File &quot;/root/Benchmarks/SeBS/python-venv/lib/python3.10/site-packages/wallet/__init__.py&quot;, line 88, in invoke_trustlet_bin
    ret = _w.invoke_trustlet_bin(self.process_id, argument, output_size)
RuntimeError: basic_string::_M_construct null not valid
</pre>
        </body>
    </html>

15:27:36,134 INFO Experiment.PerfCost-f0b4: Processed 1 samples out of 5, 1 errors
15:27:41,139 INFO WalletProfiling.WalletFunction-9c34: Not stopping function as it was not running
15:27:49,180 INFO WalletProfiling.WalletFunction-9c34: Stopping function
15:27:49,180 INFO WalletProfiling.WalletFunction-9c34: Function stopped succesfully
15:27:49,181 ERROR Experiment.PerfCost-f0b4: Couldn't invoke function; output:

    <!DOCTYPE HTML PUBLIC "-//IETF//DTD HTML 2.0//EN">
    <html>
        <head>
            <title>Error: 500 Internal Server Error</title>
            <style type="text/css">
              html {background-color: #eee; font-family: sans-serif;}
              body {background-color: #fff; border: 1px solid #ddd;
                    padding: 15px; margin: 15px;}
              pre {background-color: #eee; border: 1px solid #ddd; padding: 5px;}
            </style>
        </head>
        <body>
            <h1>Error: 500 Internal Server Error</h1>
            <p>Sorry, the requested URL <tt>&#039;http://localhost:9002/&#039;</tt>
               caused an error:</p>
            <pre>Internal Server Error</pre>
              <h2>Exception:</h2>
              <pre>RuntimeError(&#039;basic_string::_M_construct null not valid&#039;)</pre>
              <h2>Traceback:</h2>
              <pre>Traceback (most recent call last):
  File &quot;/root/Benchmarks/SeBS/python-venv/lib/python3.10/site-packages/bottle.py&quot;, line 995, in _handle
    out = route.call(**args)
  File &quot;/root/Benchmarks/SeBS/python-venv/lib/python3.10/site-packages/bottle.py&quot;, line 2025, in wrapper
    rv = callback(*a, **ka)
  File &quot;/root/Benchmarks/SeBS/cache/503.graph-bfs/wallet_profiling/python/3.11/code/server.py&quot;, line 34, in process_request
    ret = trustlet.invoke_trustlet_bin(&quot;&quot;, output_len)
  File &quot;/root/Benchmarks/SeBS/python-venv/lib/python3.10/site-packages/wallet/__init__.py&quot;, line 88, in invoke_trustlet_bin
    ret = _w.invoke_trustlet_bin(self.process_id, argument, output_size)
RuntimeError: basic_string::_M_construct null not valid
</pre>
        </body>
    </html>

15:27:49,181 INFO Experiment.PerfCost-f0b4: Processed 1 samples out of 5, 2 errors
15:27:54,187 INFO WalletProfiling.WalletFunction-9c34: Not stopping function as it was not running
15:28:02,332 INFO WalletProfiling.WalletFunction-9c34: Stopping function
15:28:02,332 INFO WalletProfiling.WalletFunction-9c34: Function stopped succesfully
15:28:02,333 ERROR Experiment.PerfCost-f0b4: Couldn't invoke function; output:

    <!DOCTYPE HTML PUBLIC "-//IETF//DTD HTML 2.0//EN">
    <html>
        <head>
            <title>Error: 500 Internal Server Error</title>
            <style type="text/css">
              html {background-color: #eee; font-family: sans-serif;}
              body {background-color: #fff; border: 1px solid #ddd;
                    padding: 15px; margin: 15px;}
              pre {background-color: #eee; border: 1px solid #ddd; padding: 5px;}
            </style>
        </head>
        <body>
            <h1>Error: 500 Internal Server Error</h1>
            <p>Sorry, the requested URL <tt>&#039;http://localhost:9002/&#039;</tt>
               caused an error:</p>
            <pre>Internal Server Error</pre>
              <h2>Exception:</h2>
              <pre>RuntimeError(&#039;basic_string::_M_construct null not valid&#039;)</pre>
              <h2>Traceback:</h2>
              <pre>Traceback (most recent call last):
  File &quot;/root/Benchmarks/SeBS/python-venv/lib/python3.10/site-packages/bottle.py&quot;, line 995, in _handle
    out = route.call(**args)
  File &quot;/root/Benchmarks/SeBS/python-venv/lib/python3.10/site-packages/bottle.py&quot;, line 2025, in wrapper
    rv = callback(*a, **ka)
  File &quot;/root/Benchmarks/SeBS/cache/503.graph-bfs/wallet_profiling/python/3.11/code/server.py&quot;, line 34, in process_request
    ret = trustlet.invoke_trustlet_bin(&quot;&quot;, output_len)
  File &quot;/root/Benchmarks/SeBS/python-venv/lib/python3.10/site-packages/wallet/__init__.py&quot;, line 88, in invoke_trustlet_bin
    ret = _w.invoke_trustlet_bin(self.process_id, argument, output_size)
RuntimeError: basic_string::_M_construct null not valid
</pre>
        </body>
    </html>

15:28:02,333 INFO Experiment.PerfCost-f0b4: Processed 1 samples out of 5, 3 errors
15:28:07,339 INFO WalletProfiling.WalletFunction-9c34: Not stopping function as it was not running
15:28:16,180 INFO Experiment.PerfCost-f0b4: Processed 2 samples out of 5, 3 errors
15:28:21,186 INFO WalletProfiling.WalletFunction-9c34: Stopping function
15:28:21,186 INFO WalletProfiling.WalletFunction-9c34: Function stopped succesfully
15:28:29,229 INFO WalletProfiling.WalletFunction-9c34: Stopping function
15:28:29,230 INFO WalletProfiling.WalletFunction-9c34: Function stopped succesfully
15:28:29,231 ERROR Experiment.PerfCost-f0b4: Couldn't invoke function; output:

    <!DOCTYPE HTML PUBLIC "-//IETF//DTD HTML 2.0//EN">
    <html>
        <head>
            <title>Error: 500 Internal Server Error</title>
            <style type="text/css">
              html {background-color: #eee; font-family: sans-serif;}
              body {background-color: #fff; border: 1px solid #ddd;
                    padding: 15px; margin: 15px;}
              pre {background-color: #eee; border: 1px solid #ddd; padding: 5px;}
            </style>
        </head>
        <body>
            <h1>Error: 500 Internal Server Error</h1>
            <p>Sorry, the requested URL <tt>&#039;http://localhost:9002/&#039;</tt>
               caused an error:</p>
            <pre>Internal Server Error</pre>
              <h2>Exception:</h2>
              <pre>RuntimeError(&#039;basic_string::_M_construct null not valid&#039;)</pre>
              <h2>Traceback:</h2>
              <pre>Traceback (most recent call last):
  File &quot;/root/Benchmarks/SeBS/python-venv/lib/python3.10/site-packages/bottle.py&quot;, line 995, in _handle
    out = route.call(**args)
  File &quot;/root/Benchmarks/SeBS/python-venv/lib/python3.10/site-packages/bottle.py&quot;, line 2025, in wrapper
    rv = callback(*a, **ka)
  File &quot;/root/Benchmarks/SeBS/cache/503.graph-bfs/wallet_profiling/python/3.11/code/server.py&quot;, line 34, in process_request
    ret = trustlet.invoke_trustlet_bin(&quot;&quot;, output_len)
  File &quot;/root/Benchmarks/SeBS/python-venv/lib/python3.10/site-packages/wallet/__init__.py&quot;, line 88, in invoke_trustlet_bin
    ret = _w.invoke_trustlet_bin(self.process_id, argument, output_size)
RuntimeError: basic_string::_M_construct null not valid
</pre>
        </body>
    </html>

15:28:29,231 INFO Experiment.PerfCost-f0b4: Processed 2 samples out of 5, 4 errors
15:28:34,236 INFO WalletProfiling.WalletFunction-9c34: Not stopping function as it was not running
15:28:42,281 INFO WalletProfiling.WalletFunction-9c34: Stopping function
15:28:42,282 INFO WalletProfiling.WalletFunction-9c34: Function stopped succesfully
15:28:42,282 ERROR Experiment.PerfCost-f0b4: Couldn't invoke function; output:

    <!DOCTYPE HTML PUBLIC "-//IETF//DTD HTML 2.0//EN">
    <html>
        <head>
            <title>Error: 500 Internal Server Error</title>
            <style type="text/css">
              html {background-color: #eee; font-family: sans-serif;}
              body {background-color: #fff; border: 1px solid #ddd;
                    padding: 15px; margin: 15px;}
              pre {background-color: #eee; border: 1px solid #ddd; padding: 5px;}
            </style>
        </head>
        <body>
            <h1>Error: 500 Internal Server Error</h1>
            <p>Sorry, the requested URL <tt>&#039;http://localhost:9002/&#039;</tt>
               caused an error:</p>
            <pre>Internal Server Error</pre>
              <h2>Exception:</h2>
              <pre>RuntimeError(&#039;basic_string::_M_construct null not valid&#039;)</pre>
              <h2>Traceback:</h2>
              <pre>Traceback (most recent call last):
  File &quot;/root/Benchmarks/SeBS/python-venv/lib/python3.10/site-packages/bottle.py&quot;, line 995, in _handle
    out = route.call(**args)
  File &quot;/root/Benchmarks/SeBS/python-venv/lib/python3.10/site-packages/bottle.py&quot;, line 2025, in wrapper
    rv = callback(*a, **ka)
  File &quot;/root/Benchmarks/SeBS/cache/503.graph-bfs/wallet_profiling/python/3.11/code/server.py&quot;, line 34, in process_request
    ret = trustlet.invoke_trustlet_bin(&quot;&quot;, output_len)
  File &quot;/root/Benchmarks/SeBS/python-venv/lib/python3.10/site-packages/wallet/__init__.py&quot;, line 88, in invoke_trustlet_bin
    ret = _w.invoke_trustlet_bin(self.process_id, argument, output_size)
RuntimeError: basic_string::_M_construct null not valid
</pre>
        </body>
    </html>

15:28:42,283 INFO Experiment.PerfCost-f0b4: Processed 2 samples out of 5, 5 errors
15:28:47,288 INFO WalletProfiling.WalletFunction-9c34: Not stopping function as it was not running
15:28:55,347 INFO WalletProfiling.WalletFunction-9c34: Stopping function
15:28:55,347 INFO WalletProfiling.WalletFunction-9c34: Function stopped succesfully
15:28:55,348 ERROR Experiment.PerfCost-f0b4: Couldn't invoke function; output:

    <!DOCTYPE HTML PUBLIC "-//IETF//DTD HTML 2.0//EN">
    <html>
        <head>
            <title>Error: 500 Internal Server Error</title>
            <style type="text/css">
              html {background-color: #eee; font-family: sans-serif;}
              body {background-color: #fff; border: 1px solid #ddd;
                    padding: 15px; margin: 15px;}
              pre {background-color: #eee; border: 1px solid #ddd; padding: 5px;}
            </style>
        </head>
        <body>
            <h1>Error: 500 Internal Server Error</h1>
            <p>Sorry, the requested URL <tt>&#039;http://localhost:9002/&#039;</tt>
               caused an error:</p>
            <pre>Internal Server Error</pre>
              <h2>Exception:</h2>
              <pre>RuntimeError(&#039;basic_string::_M_construct null not valid&#039;)</pre>
              <h2>Traceback:</h2>
              <pre>Traceback (most recent call last):
  File &quot;/root/Benchmarks/SeBS/python-venv/lib/python3.10/site-packages/bottle.py&quot;, line 995, in _handle
    out = route.call(**args)
  File &quot;/root/Benchmarks/SeBS/python-venv/lib/python3.10/site-packages/bottle.py&quot;, line 2025, in wrapper
    rv = callback(*a, **ka)
  File &quot;/root/Benchmarks/SeBS/cache/503.graph-bfs/wallet_profiling/python/3.11/code/server.py&quot;, line 34, in process_request
    ret = trustlet.invoke_trustlet_bin(&quot;&quot;, output_len)
  File &quot;/root/Benchmarks/SeBS/python-venv/lib/python3.10/site-packages/wallet/__init__.py&quot;, line 88, in invoke_trustlet_bin
    ret = _w.invoke_trustlet_bin(self.process_id, argument, output_size)
RuntimeError: basic_string::_M_construct null not valid
</pre>
        </body>
    </html>

15:28:55,348 INFO Experiment.PerfCost-f0b4: Processed 2 samples out of 5, 6 errors
15:29:00,354 INFO WalletProfiling.WalletFunction-9c34: Not stopping function as it was not running
15:29:08,393 INFO WalletProfiling.WalletFunction-9c34: Stopping function
15:29:08,393 INFO WalletProfiling.WalletFunction-9c34: Function stopped succesfully
15:29:08,394 ERROR Experiment.PerfCost-f0b4: Couldn't invoke function; output:

    <!DOCTYPE HTML PUBLIC "-//IETF//DTD HTML 2.0//EN">
    <html>
        <head>
            <title>Error: 500 Internal Server Error</title>
            <style type="text/css">
              html {background-color: #eee; font-family: sans-serif;}
              body {background-color: #fff; border: 1px solid #ddd;
                    padding: 15px; margin: 15px;}
              pre {background-color: #eee; border: 1px solid #ddd; padding: 5px;}
            </style>
        </head>
        <body>
            <h1>Error: 500 Internal Server Error</h1>
            <p>Sorry, the requested URL <tt>&#039;http://localhost:9002/&#039;</tt>
               caused an error:</p>
            <pre>Internal Server Error</pre>
              <h2>Exception:</h2>
              <pre>RuntimeError(&#039;basic_string::_M_construct null not valid&#039;)</pre>
              <h2>Traceback:</h2>
              <pre>Traceback (most recent call last):
  File &quot;/root/Benchmarks/SeBS/python-venv/lib/python3.10/site-packages/bottle.py&quot;, line 995, in _handle
    out = route.call(**args)
  File &quot;/root/Benchmarks/SeBS/python-venv/lib/python3.10/site-packages/bottle.py&quot;, line 2025, in wrapper
    rv = callback(*a, **ka)
  File &quot;/root/Benchmarks/SeBS/cache/503.graph-bfs/wallet_profiling/python/3.11/code/server.py&quot;, line 34, in process_request
    ret = trustlet.invoke_trustlet_bin(&quot;&quot;, output_len)
  File &quot;/root/Benchmarks/SeBS/python-venv/lib/python3.10/site-packages/wallet/__init__.py&quot;, line 88, in invoke_trustlet_bin
    ret = _w.invoke_trustlet_bin(self.process_id, argument, output_size)
RuntimeError: basic_string::_M_construct null not valid
</pre>
        </body>
    </html>

15:29:08,394 INFO Experiment.PerfCost-f0b4: Processed 2 samples out of 5, 7 errors
15:29:13,400 INFO WalletProfiling.WalletFunction-9c34: Not stopping function as it was not running
15:29:22,244 INFO WalletProfiling.WalletFunction-9c34: Stopping function
15:29:22,245 INFO WalletProfiling.WalletFunction-9c34: Function stopped succesfully
15:29:22,245 ERROR Experiment.PerfCost-f0b4: Couldn't invoke function; output:

    <!DOCTYPE HTML PUBLIC "-//IETF//DTD HTML 2.0//EN">
    <html>
        <head>
            <title>Error: 500 Internal Server Error</title>
            <style type="text/css">
              html {background-color: #eee; font-family: sans-serif;}
              body {background-color: #fff; border: 1px solid #ddd;
                    padding: 15px; margin: 15px;}
              pre {background-color: #eee; border: 1px solid #ddd; padding: 5px;}
            </style>
        </head>
        <body>
            <h1>Error: 500 Internal Server Error</h1>
            <p>Sorry, the requested URL <tt>&#039;http://localhost:9002/&#039;</tt>
               caused an error:</p>
            <pre>Internal Server Error</pre>
              <h2>Exception:</h2>
              <pre>UnpicklingError(&#039;pickle data was truncated&#039;)</pre>
              <h2>Traceback:</h2>
              <pre>Traceback (most recent call last):
  File &quot;/root/Benchmarks/SeBS/python-venv/lib/python3.10/site-packages/bottle.py&quot;, line 995, in _handle
    out = route.call(**args)
  File &quot;/root/Benchmarks/SeBS/python-venv/lib/python3.10/site-packages/bottle.py&quot;, line 2025, in wrapper
    rv = callback(*a, **ka)
  File &quot;/root/Benchmarks/SeBS/cache/503.graph-bfs/wallet_profiling/python/3.11/code/server.py&quot;, line 36, in process_request
    ret = pickle.loads(ret)
_pickle.UnpicklingError: pickle data was truncated
</pre>
        </body>
    </html>

15:29:22,246 INFO Experiment.PerfCost-f0b4: Processed 2 samples out of 5, 8 errors
15:29:27,251 INFO WalletProfiling.WalletFunction-9c34: Not stopping function as it was not running
15:29:36,95 INFO Experiment.PerfCost-f0b4: Processed 3 samples out of 5, 8 errors
15:29:41,100 INFO WalletProfiling.WalletFunction-9c34: Stopping function
15:29:41,100 INFO WalletProfiling.WalletFunction-9c34: Function stopped succesfully
15:29:49,170 INFO WalletProfiling.WalletFunction-9c34: Stopping function
15:29:49,171 INFO WalletProfiling.WalletFunction-9c34: Function stopped succesfully
15:29:49,171 ERROR Experiment.PerfCost-f0b4: Couldn't invoke function; output:

    <!DOCTYPE HTML PUBLIC "-//IETF//DTD HTML 2.0//EN">
    <html>
        <head>
            <title>Error: 500 Internal Server Error</title>
            <style type="text/css">
              html {background-color: #eee; font-family: sans-serif;}
              body {background-color: #fff; border: 1px solid #ddd;
                    padding: 15px; margin: 15px;}
              pre {background-color: #eee; border: 1px solid #ddd; padding: 5px;}
            </style>
        </head>
        <body>
            <h1>Error: 500 Internal Server Error</h1>
            <p>Sorry, the requested URL <tt>&#039;http://localhost:9002/&#039;</tt>
               caused an error:</p>
            <pre>Internal Server Error</pre>
              <h2>Exception:</h2>
              <pre>RuntimeError(&#039;basic_string::_M_construct null not valid&#039;)</pre>
              <h2>Traceback:</h2>
              <pre>Traceback (most recent call last):
  File &quot;/root/Benchmarks/SeBS/python-venv/lib/python3.10/site-packages/bottle.py&quot;, line 995, in _handle
    out = route.call(**args)
  File &quot;/root/Benchmarks/SeBS/python-venv/lib/python3.10/site-packages/bottle.py&quot;, line 2025, in wrapper
    rv = callback(*a, **ka)
  File &quot;/root/Benchmarks/SeBS/cache/503.graph-bfs/wallet_profiling/python/3.11/code/server.py&quot;, line 34, in process_request
    ret = trustlet.invoke_trustlet_bin(&quot;&quot;, output_len)
  File &quot;/root/Benchmarks/SeBS/python-venv/lib/python3.10/site-packages/wallet/__init__.py&quot;, line 88, in invoke_trustlet_bin
    ret = _w.invoke_trustlet_bin(self.process_id, argument, output_size)
RuntimeError: basic_string::_M_construct null not valid
</pre>
        </body>
    </html>

15:29:49,172 INFO Experiment.PerfCost-f0b4: Processed 3 samples out of 5, 9 errors
15:29:54,177 INFO WalletProfiling.WalletFunction-9c34: Not stopping function as it was not running
15:30:02,248 INFO WalletProfiling.WalletFunction-9c34: Stopping function
15:30:02,249 INFO WalletProfiling.WalletFunction-9c34: Function stopped succesfully
15:30:02,249 ERROR Experiment.PerfCost-f0b4: Couldn't invoke function; output:

    <!DOCTYPE HTML PUBLIC "-//IETF//DTD HTML 2.0//EN">
    <html>
        <head>
            <title>Error: 500 Internal Server Error</title>
            <style type="text/css">
              html {background-color: #eee; font-family: sans-serif;}
              body {background-color: #fff; border: 1px solid #ddd;
                    padding: 15px; margin: 15px;}
              pre {background-color: #eee; border: 1px solid #ddd; padding: 5px;}
            </style>
        </head>
        <body>
            <h1>Error: 500 Internal Server Error</h1>
            <p>Sorry, the requested URL <tt>&#039;http://localhost:9002/&#039;</tt>
               caused an error:</p>
            <pre>Internal Server Error</pre>
              <h2>Exception:</h2>
              <pre>RuntimeError(&#039;basic_string::_M_construct null not valid&#039;)</pre>
              <h2>Traceback:</h2>
              <pre>Traceback (most recent call last):
  File &quot;/root/Benchmarks/SeBS/python-venv/lib/python3.10/site-packages/bottle.py&quot;, line 995, in _handle
    out = route.call(**args)
  File &quot;/root/Benchmarks/SeBS/python-venv/lib/python3.10/site-packages/bottle.py&quot;, line 2025, in wrapper
    rv = callback(*a, **ka)
  File &quot;/root/Benchmarks/SeBS/cache/503.graph-bfs/wallet_profiling/python/3.11/code/server.py&quot;, line 34, in process_request
    ret = trustlet.invoke_trustlet_bin(&quot;&quot;, output_len)
  File &quot;/root/Benchmarks/SeBS/python-venv/lib/python3.10/site-packages/wallet/__init__.py&quot;, line 88, in invoke_trustlet_bin
    ret = _w.invoke_trustlet_bin(self.process_id, argument, output_size)
RuntimeError: basic_string::_M_construct null not valid
</pre>
        </body>
    </html>

15:30:02,250 INFO Experiment.PerfCost-f0b4: Processed 3 samples out of 5, 10 errors
15:30:07,255 INFO WalletProfiling.WalletFunction-9c34: Not stopping function as it was not running
15:30:15,311 INFO WalletProfiling.WalletFunction-9c34: Stopping function
15:30:15,311 INFO WalletProfiling.WalletFunction-9c34: Function stopped succesfully
15:30:15,312 ERROR Experiment.PerfCost-f0b4: Couldn't invoke function; output:

    <!DOCTYPE HTML PUBLIC "-//IETF//DTD HTML 2.0//EN">
    <html>
        <head>
            <title>Error: 500 Internal Server Error</title>
            <style type="text/css">
              html {background-color: #eee; font-family: sans-serif;}
              body {background-color: #fff; border: 1px solid #ddd;
                    padding: 15px; margin: 15px;}
              pre {background-color: #eee; border: 1px solid #ddd; padding: 5px;}
            </style>
        </head>
        <body>
            <h1>Error: 500 Internal Server Error</h1>
            <p>Sorry, the requested URL <tt>&#039;http://localhost:9002/&#039;</tt>
               caused an error:</p>
            <pre>Internal Server Error</pre>
              <h2>Exception:</h2>
              <pre>RuntimeError(&#039;basic_string::_M_construct null not valid&#039;)</pre>
              <h2>Traceback:</h2>
              <pre>Traceback (most recent call last):
  File &quot;/root/Benchmarks/SeBS/python-venv/lib/python3.10/site-packages/bottle.py&quot;, line 995, in _handle
    out = route.call(**args)
  File &quot;/root/Benchmarks/SeBS/python-venv/lib/python3.10/site-packages/bottle.py&quot;, line 2025, in wrapper
    rv = callback(*a, **ka)
  File &quot;/root/Benchmarks/SeBS/cache/503.graph-bfs/wallet_profiling/python/3.11/code/server.py&quot;, line 34, in process_request
    ret = trustlet.invoke_trustlet_bin(&quot;&quot;, output_len)
  File &quot;/root/Benchmarks/SeBS/python-venv/lib/python3.10/site-packages/wallet/__init__.py&quot;, line 88, in invoke_trustlet_bin
    ret = _w.invoke_trustlet_bin(self.process_id, argument, output_size)
RuntimeError: basic_string::_M_construct null not valid
</pre>
        </body>
    </html>

15:30:15,312 INFO Experiment.PerfCost-f0b4: Processed 3 samples out of 5, 11 errors
15:30:20,318 INFO WalletProfiling.WalletFunction-9c34: Not stopping function as it was not running
15:30:28,389 INFO WalletProfiling.WalletFunction-9c34: Stopping function
15:30:28,390 INFO WalletProfiling.WalletFunction-9c34: Function stopped succesfully
15:30:28,390 ERROR Experiment.PerfCost-f0b4: Couldn't invoke function; output:

    <!DOCTYPE HTML PUBLIC "-//IETF//DTD HTML 2.0//EN">
    <html>
        <head>
            <title>Error: 500 Internal Server Error</title>
            <style type="text/css">
              html {background-color: #eee; font-family: sans-serif;}
              body {background-color: #fff; border: 1px solid #ddd;
                    padding: 15px; margin: 15px;}
              pre {background-color: #eee; border: 1px solid #ddd; padding: 5px;}
            </style>
        </head>
        <body>
            <h1>Error: 500 Internal Server Error</h1>
            <p>Sorry, the requested URL <tt>&#039;http://localhost:9002/&#039;</tt>
               caused an error:</p>
            <pre>Internal Server Error</pre>
              <h2>Exception:</h2>
              <pre>RuntimeError(&#039;basic_string::_M_construct null not valid&#039;)</pre>
              <h2>Traceback:</h2>
              <pre>Traceback (most recent call last):
  File &quot;/root/Benchmarks/SeBS/python-venv/lib/python3.10/site-packages/bottle.py&quot;, line 995, in _handle
    out = route.call(**args)
  File &quot;/root/Benchmarks/SeBS/python-venv/lib/python3.10/site-packages/bottle.py&quot;, line 2025, in wrapper
    rv = callback(*a, **ka)
  File &quot;/root/Benchmarks/SeBS/cache/503.graph-bfs/wallet_profiling/python/3.11/code/server.py&quot;, line 34, in process_request
    ret = trustlet.invoke_trustlet_bin(&quot;&quot;, output_len)
  File &quot;/root/Benchmarks/SeBS/python-venv/lib/python3.10/site-packages/wallet/__init__.py&quot;, line 88, in invoke_trustlet_bin
    ret = _w.invoke_trustlet_bin(self.process_id, argument, output_size)
RuntimeError: basic_string::_M_construct null not valid
</pre>
        </body>
    </html>

15:30:28,390 INFO Experiment.PerfCost-f0b4: Processed 3 samples out of 5, 12 errors
15:30:33,392 INFO WalletProfiling.WalletFunction-9c34: Not stopping function as it was not running
15:30:42,231 INFO Experiment.PerfCost-f0b4: Processed 4 samples out of 5, 12 errors
15:30:47,235 INFO WalletProfiling.WalletFunction-9c34: Stopping function
15:30:47,236 INFO WalletProfiling.WalletFunction-9c34: Function stopped succesfully
15:30:55,288 INFO WalletProfiling.WalletFunction-9c34: Stopping function
15:30:55,288 INFO WalletProfiling.WalletFunction-9c34: Function stopped succesfully
15:30:55,289 ERROR Experiment.PerfCost-f0b4: Couldn't invoke function; output:

    <!DOCTYPE HTML PUBLIC "-//IETF//DTD HTML 2.0//EN">
    <html>
        <head>
            <title>Error: 500 Internal Server Error</title>
            <style type="text/css">
              html {background-color: #eee; font-family: sans-serif;}
              body {background-color: #fff; border: 1px solid #ddd;
                    padding: 15px; margin: 15px;}
              pre {background-color: #eee; border: 1px solid #ddd; padding: 5px;}
            </style>
        </head>
        <body>
            <h1>Error: 500 Internal Server Error</h1>
            <p>Sorry, the requested URL <tt>&#039;http://localhost:9002/&#039;</tt>
               caused an error:</p>
            <pre>Internal Server Error</pre>
              <h2>Exception:</h2>
              <pre>RuntimeError(&#039;basic_string::_M_construct null not valid&#039;)</pre>
              <h2>Traceback:</h2>
              <pre>Traceback (most recent call last):
  File &quot;/root/Benchmarks/SeBS/python-venv/lib/python3.10/site-packages/bottle.py&quot;, line 995, in _handle
    out = route.call(**args)
  File &quot;/root/Benchmarks/SeBS/python-venv/lib/python3.10/site-packages/bottle.py&quot;, line 2025, in wrapper
    rv = callback(*a, **ka)
  File &quot;/root/Benchmarks/SeBS/cache/503.graph-bfs/wallet_profiling/python/3.11/code/server.py&quot;, line 34, in process_request
    ret = trustlet.invoke_trustlet_bin(&quot;&quot;, output_len)
  File &quot;/root/Benchmarks/SeBS/python-venv/lib/python3.10/site-packages/wallet/__init__.py&quot;, line 88, in invoke_trustlet_bin
    ret = _w.invoke_trustlet_bin(self.process_id, argument, output_size)
RuntimeError: basic_string::_M_construct null not valid
</pre>
        </body>
    </html>

15:30:55,289 INFO Experiment.PerfCost-f0b4: Processed 4 samples out of 5, 13 errors
15:31:00,295 INFO WalletProfiling.WalletFunction-9c34: Not stopping function as it was not running
15:31:08,377 INFO WalletProfiling.WalletFunction-9c34: Stopping function
15:31:08,378 INFO WalletProfiling.WalletFunction-9c34: Function stopped succesfully
15:31:08,378 ERROR Experiment.PerfCost-f0b4: Couldn't invoke function; output:

    <!DOCTYPE HTML PUBLIC "-//IETF//DTD HTML 2.0//EN">
    <html>
        <head>
            <title>Error: 500 Internal Server Error</title>
            <style type="text/css">
              html {background-color: #eee; font-family: sans-serif;}
              body {background-color: #fff; border: 1px solid #ddd;
                    padding: 15px; margin: 15px;}
              pre {background-color: #eee; border: 1px solid #ddd; padding: 5px;}
            </style>
        </head>
        <body>
            <h1>Error: 500 Internal Server Error</h1>
            <p>Sorry, the requested URL <tt>&#039;http://localhost:9002/&#039;</tt>
               caused an error:</p>
            <pre>Internal Server Error</pre>
              <h2>Exception:</h2>
              <pre>RuntimeError(&#039;basic_string::_M_construct null not valid&#039;)</pre>
              <h2>Traceback:</h2>
              <pre>Traceback (most recent call last):
  File &quot;/root/Benchmarks/SeBS/python-venv/lib/python3.10/site-packages/bottle.py&quot;, line 995, in _handle
    out = route.call(**args)
  File &quot;/root/Benchmarks/SeBS/python-venv/lib/python3.10/site-packages/bottle.py&quot;, line 2025, in wrapper
    rv = callback(*a, **ka)
  File &quot;/root/Benchmarks/SeBS/cache/503.graph-bfs/wallet_profiling/python/3.11/code/server.py&quot;, line 34, in process_request
    ret = trustlet.invoke_trustlet_bin(&quot;&quot;, output_len)
  File &quot;/root/Benchmarks/SeBS/python-venv/lib/python3.10/site-packages/wallet/__init__.py&quot;, line 88, in invoke_trustlet_bin
    ret = _w.invoke_trustlet_bin(self.process_id, argument, output_size)
RuntimeError: basic_string::_M_construct null not valid
</pre>
        </body>
    </html>

15:31:08,379 INFO Experiment.PerfCost-f0b4: Processed 4 samples out of 5, 14 errors
15:31:13,384 INFO WalletProfiling.WalletFunction-9c34: Not stopping function as it was not running
15:31:21,419 INFO WalletProfiling.WalletFunction-9c34: Stopping function
15:31:21,420 INFO WalletProfiling.WalletFunction-9c34: Function stopped succesfully
15:31:21,420 ERROR Experiment.PerfCost-f0b4: Couldn't invoke function; output:

    <!DOCTYPE HTML PUBLIC "-//IETF//DTD HTML 2.0//EN">
    <html>
        <head>
            <title>Error: 500 Internal Server Error</title>
            <style type="text/css">
              html {background-color: #eee; font-family: sans-serif;}
              body {background-color: #fff; border: 1px solid #ddd;
                    padding: 15px; margin: 15px;}
              pre {background-color: #eee; border: 1px solid #ddd; padding: 5px;}
            </style>
        </head>
        <body>
            <h1>Error: 500 Internal Server Error</h1>
            <p>Sorry, the requested URL <tt>&#039;http://localhost:9002/&#039;</tt>
               caused an error:</p>
            <pre>Internal Server Error</pre>
              <h2>Exception:</h2>
              <pre>RuntimeError(&#039;basic_string::_M_construct null not valid&#039;)</pre>
              <h2>Traceback:</h2>
              <pre>Traceback (most recent call last):
  File &quot;/root/Benchmarks/SeBS/python-venv/lib/python3.10/site-packages/bottle.py&quot;, line 995, in _handle
    out = route.call(**args)
  File &quot;/root/Benchmarks/SeBS/python-venv/lib/python3.10/site-packages/bottle.py&quot;, line 2025, in wrapper
    rv = callback(*a, **ka)
  File &quot;/root/Benchmarks/SeBS/cache/503.graph-bfs/wallet_profiling/python/3.11/code/server.py&quot;, line 34, in process_request
    ret = trustlet.invoke_trustlet_bin(&quot;&quot;, output_len)
  File &quot;/root/Benchmarks/SeBS/python-venv/lib/python3.10/site-packages/wallet/__init__.py&quot;, line 88, in invoke_trustlet_bin
    ret = _w.invoke_trustlet_bin(self.process_id, argument, output_size)
RuntimeError: basic_string::_M_construct null not valid
</pre>
        </body>
    </html>

15:31:21,421 INFO Experiment.PerfCost-f0b4: Processed 4 samples out of 5, 15 errors
15:31:26,426 INFO WalletProfiling.WalletFunction-9c34: Not stopping function as it was not running
15:31:34,486 INFO WalletProfiling.WalletFunction-9c34: Stopping function
15:31:34,486 INFO WalletProfiling.WalletFunction-9c34: Function stopped succesfully
15:31:34,487 ERROR Experiment.PerfCost-f0b4: Couldn't invoke function; output:

    <!DOCTYPE HTML PUBLIC "-//IETF//DTD HTML 2.0//EN">
    <html>
        <head>
            <title>Error: 500 Internal Server Error</title>
            <style type="text/css">
              html {background-color: #eee; font-family: sans-serif;}
              body {background-color: #fff; border: 1px solid #ddd;
                    padding: 15px; margin: 15px;}
              pre {background-color: #eee; border: 1px solid #ddd; padding: 5px;}
            </style>
        </head>
        <body>
            <h1>Error: 500 Internal Server Error</h1>
            <p>Sorry, the requested URL <tt>&#039;http://localhost:9002/&#039;</tt>
               caused an error:</p>
            <pre>Internal Server Error</pre>
              <h2>Exception:</h2>
              <pre>RuntimeError(&#039;basic_string::_M_construct null not valid&#039;)</pre>
              <h2>Traceback:</h2>
              <pre>Traceback (most recent call last):
  File &quot;/root/Benchmarks/SeBS/python-venv/lib/python3.10/site-packages/bottle.py&quot;, line 995, in _handle
    out = route.call(**args)
  File &quot;/root/Benchmarks/SeBS/python-venv/lib/python3.10/site-packages/bottle.py&quot;, line 2025, in wrapper
    rv = callback(*a, **ka)
  File &quot;/root/Benchmarks/SeBS/cache/503.graph-bfs/wallet_profiling/python/3.11/code/server.py&quot;, line 34, in process_request
    ret = trustlet.invoke_trustlet_bin(&quot;&quot;, output_len)
  File &quot;/root/Benchmarks/SeBS/python-venv/lib/python3.10/site-packages/wallet/__init__.py&quot;, line 88, in invoke_trustlet_bin
    ret = _w.invoke_trustlet_bin(self.process_id, argument, output_size)
RuntimeError: basic_string::_M_construct null not valid
</pre>
        </body>
    </html>

15:31:34,487 INFO Experiment.PerfCost-f0b4: Processed 4 samples out of 5, 16 errors
15:31:39,492 INFO WalletProfiling.WalletFunction-9c34: Not stopping function as it was not running
15:31:48,322 INFO Experiment.PerfCost-f0b4: Processed 5 samples out of 5, 16 errors
15:31:53,330 INFO Experiment.PerfCost-f0b4: Mean 3827.9163999999996 [ms], median 3828.753 [ms], std 6.054118188472995, CV 0.15815701169631072
15:31:53,336 INFO Experiment.PerfCost-f0b4: Parametric CI (Student's t-distribution) 0.95 from 3819.511936594662 to 3836.320863405337, within 0.21955713048846986% of mean
15:31:53,338 INFO Experiment.PerfCost-f0b4: Parametric CI (Student's t-distribution) 0.99 from 3813.9795327487527 to 3841.8532672512465, within 0.36408494321471846% of mean
15:31:53,534 INFO WalletProfiling.WalletFunction-9c34: Stopping function
15:31:53,536 INFO WalletProfiling.WalletFunction-9c34: Function stopped succesfully
