05:02:53,977 INFO SeBS-a619: Created experiment output at /root/Benchmarks/SeBS/503.graph-bfs
05:02:54,55 INFO Wallet-e58a: Generating unique resource name wallet-0df16e9c
05:02:54,57 INFO minio.Minio-0540: Initialize a new bucket for benchmarks
05:02:54,63 INFO minio.Minio-0540: Created bucket sebs-benchmarks-wallet-0df16e9c
05:02:54,234 INFO Benchmark-b751: Building benchmark 503.graph-bfs. Reason: no cached code package.
05:02:54,432 INFO Benchmark-b751: There is no Docker build image for wallet run in python, thus skipping the Docker-based installation of dependencies.
05:02:54,505 INFO Wallet-e58a: Function size 0.000005 MB
05:02:54,546 INFO Benchmark-b751: Created code package (source hash: 693b2b32a88d140fc886ab0d72ec2ba1), for run on wallet with python:3.11
05:02:54,880 INFO Wallet-e58a: Creating new function! Reason: function 503.graph-bfs-python-3.11 not found in cache.
05:02:55,550 INFO Experiment.PerfCost-61cf: Begin experiment
05:02:55,550 INFO Experiment.PerfCost-61cf: Begin cold experiments
05:02:55,554 INFO Wallet.WalletFunction-67bd: Not stopping function as it was not running
05:03:03,107 INFO Wallet.WalletFunction-67bd: Stopping function
05:03:03,108 INFO Wallet.WalletFunction-67bd: Function stopped succesfully
05:03:03,108 ERROR Experiment.PerfCost-61cf: Couldn't invoke function; output:

    <!DOCTYPE HTML PUBLIC "-//IETF//DTD HTML 2.0//EN">
    <html>
        <head>
            <title>Error: 500 Internal Server Error</title>
            <style type="text/css">
              html {background-color: #eee; font-family: sans-serif;}
              body {background-color: #fff; border: 1px solid #ddd;
                    padding: 15px; margin: 15px;}
              pre {background-color: #eee; border: 1px solid #ddd; padding: 5px;}
            </style>
        </head>
        <body>
            <h1>Error: 500 Internal Server Error</h1>
            <p>Sorry, the requested URL <tt>&#039;http://localhost:9002/&#039;</tt>
               caused an error:</p>
            <pre>Internal Server Error</pre>
              <h2>Exception:</h2>
              <pre>UnpicklingError(&#039;pickle data was truncated&#039;)</pre>
              <h2>Traceback:</h2>
              <pre>Traceback (most recent call last):
  File &quot;/root/Benchmarks/SeBS/python-venv/lib/python3.10/site-packages/bottle.py&quot;, line 995, in _handle
    out = route.call(**args)
  File &quot;/root/Benchmarks/SeBS/python-venv/lib/python3.10/site-packages/bottle.py&quot;, line 2025, in wrapper
    rv = callback(*a, **ka)
  File &quot;/root/Benchmarks/SeBS/cache/503.graph-bfs/wallet/python/3.11/code/server.py&quot;, line 36, in process_request
    ret = pickle.loads(ret)
_pickle.UnpicklingError: pickle data was truncated
</pre>
        </body>
    </html>

05:03:03,109 INFO Experiment.PerfCost-61cf: Processed 0 samples out of 5, 1 errors
05:03:08,114 INFO Wallet.WalletFunction-67bd: Not stopping function as it was not running
05:03:15,678 INFO Experiment.PerfCost-61cf: Processed 1 samples out of 5, 1 errors
05:03:20,679 INFO Wallet.WalletFunction-67bd: Stopping function
05:03:20,680 INFO Wallet.WalletFunction-67bd: Function stopped succesfully
05:03:28,207 INFO Experiment.PerfCost-61cf: Processed 2 samples out of 5, 1 errors
05:03:33,213 INFO Wallet.WalletFunction-67bd: Stopping function
05:03:33,214 INFO Wallet.WalletFunction-67bd: Function stopped succesfully
05:03:40,753 INFO Experiment.PerfCost-61cf: Processed 3 samples out of 5, 1 errors
05:03:45,754 INFO Wallet.WalletFunction-67bd: Stopping function
05:03:45,755 INFO Wallet.WalletFunction-67bd: Function stopped succesfully
05:03:53,268 INFO Experiment.PerfCost-61cf: Processed 4 samples out of 5, 1 errors
05:03:58,274 INFO Wallet.WalletFunction-67bd: Stopping function
05:03:58,274 INFO Wallet.WalletFunction-67bd: Function stopped succesfully
05:04:05,801 INFO Experiment.PerfCost-61cf: Processed 5 samples out of 5, 1 errors
05:04:10,810 INFO Experiment.PerfCost-61cf: Mean 2527.4085999999998 [ms], median 2521.335 [ms], std 17.013713910842668, CV 0.6731683159914337
05:04:10,815 INFO Experiment.PerfCost-61cf: Parametric CI (Student's t-distribution) 0.95 from 2503.7897786455023 to 2551.027421354497, within 0.9345074379543306% of mean
05:04:10,817 INFO Experiment.PerfCost-61cf: Parametric CI (Student's t-distribution) 0.99 from 2488.242223519676 to 2566.5749764803236, within 1.5496653956279107% of mean
05:04:11,6 INFO Experiment.PerfCost-61cf: Begin sequential experiments
05:04:16,114 INFO Experiment.PerfCost-61cf: Processed 1 samples out of 5, 0 errors
05:04:26,173 INFO Experiment.PerfCost-61cf: Processed 2 samples out of 5, 0 errors
05:04:36,234 INFO Experiment.PerfCost-61cf: Processed 3 samples out of 5, 0 errors
05:04:46,299 INFO Experiment.PerfCost-61cf: Processed 4 samples out of 5, 0 errors
05:04:56,365 INFO Experiment.PerfCost-61cf: Processed 5 samples out of 5, 0 errors
05:05:01,371 INFO Experiment.PerfCost-61cf: Mean 53.535399999999996 [ms], median 53.58 [ms], std 0.27544916046341467, CV 0.5145177965671587
05:05:01,374 INFO Experiment.PerfCost-61cf: Parametric CI (Student's t-distribution) 0.95 from 53.15301526335025 to 53.91778473664974, within 0.7142652089080263% of mean
05:05:01,376 INFO Experiment.PerfCost-61cf: Parametric CI (Student's t-distribution) 0.99 from 52.901302966487286 to 54.169497033512705, within 1.184444374213529% of mean
05:05:01,573 INFO Wallet.WalletFunction-67bd: Stopping function
05:05:01,574 INFO Wallet.WalletFunction-67bd: Function stopped succesfully
