13:48:56,565 INFO SeBS-a335: Created experiment output at /root/Benchmarks/SeBS/311.compression
13:48:56,637 INFO Wallet-0db1: Generating unique resource name wallet-67e6f780
13:48:56,639 INFO minio.Minio-ddd2: Initialize a new bucket for benchmarks
13:48:56,644 INFO minio.Minio-ddd2: Created bucket sebs-benchmarks-wallet-67e6f780
13:48:56,788 INFO Benchmark-80a5: Building benchmark 311.compression. Reason: no cached code package.
13:48:56,853 INFO Benchmark-80a5: There is no Docker build image for wallet run in python, thus skipping the Docker-based installation of dependencies.
13:48:56,877 INFO Wallet-0db1: Function size 0.000004 MB
13:48:56,898 INFO Benchmark-80a5: Created code package (source hash: c37aed3329922cd5533ef4bbf86132da), for run on wallet with python:3.11
13:48:57,37 INFO Wallet-0db1: Creating new function! Reason: function 311.compression-python-3.11 not found in cache.
13:48:58,58 INFO Experiment.PerfCost-9c4a: Begin experiment
13:48:58,58 INFO Experiment.PerfCost-9c4a: Begin sequential experiments
13:49:07,595 INFO Experiment.PerfCost-9c4a: Processed 1 samples out of 5, 0 errors
13:49:18,566 INFO Experiment.PerfCost-9c4a: Processed 2 samples out of 5, 0 errors
13:49:29,525 INFO Experiment.PerfCost-9c4a: Processed 3 samples out of 5, 0 errors
13:49:40,484 INFO Experiment.PerfCost-9c4a: Processed 4 samples out of 5, 0 errors
13:49:51,450 INFO Experiment.PerfCost-9c4a: Processed 5 samples out of 5, 0 errors
13:49:56,458 INFO Experiment.PerfCost-9c4a: Mean 955.1166000000001 [ms], median 955.484 [ms], std 2.7334522201786924, CV 0.2861904211672891
13:49:56,464 INFO Experiment.PerfCost-9c4a: Parametric CI (Student's t-distribution) 0.95 from 951.3219599814964 to 958.9112400185037, within 0.39729599700221185% of mean
13:49:56,466 INFO Experiment.PerfCost-9c4a: Parametric CI (Student's t-distribution) 0.99 from 948.8240633259076 to 961.4091366740926, within 0.65882392517233% of mean
13:49:56,470 INFO Experiment.PerfCost-9c4a: Begin cold experiments
13:49:56,473 INFO Wallet.WalletFunction-9000: Stopping function
13:49:56,474 INFO Wallet.WalletFunction-9000: Function stopped succesfully
13:50:04,970 INFO Experiment.PerfCost-9c4a: Processed 1 samples out of 5, 0 errors
13:50:09,976 INFO Wallet.WalletFunction-9000: Stopping function
13:50:09,977 INFO Wallet.WalletFunction-9000: Function stopped succesfully
13:50:18,423 INFO Experiment.PerfCost-9c4a: Processed 2 samples out of 5, 0 errors
13:50:23,428 INFO Wallet.WalletFunction-9000: Stopping function
13:50:23,429 INFO Wallet.WalletFunction-9000: Function stopped succesfully
13:50:31,900 INFO Experiment.PerfCost-9c4a: Processed 3 samples out of 5, 0 errors
13:50:36,906 INFO Wallet.WalletFunction-9000: Stopping function
13:50:36,906 INFO Wallet.WalletFunction-9000: Function stopped succesfully
13:50:45,394 INFO Experiment.PerfCost-9c4a: Processed 4 samples out of 5, 0 errors
13:50:50,400 INFO Wallet.WalletFunction-9000: Stopping function
13:50:50,401 INFO Wallet.WalletFunction-9000: Function stopped succesfully
13:50:58,943 INFO Experiment.PerfCost-9c4a: Processed 5 samples out of 5, 0 errors
13:51:03,949 INFO Experiment.PerfCost-9c4a: Mean 3482.0274000000004 [ms], median 3482.155 [ms], std 31.76459797069687, CV 0.9122443427842315
13:51:03,952 INFO Experiment.PerfCost-9c4a: Parametric CI (Student's t-distribution) 0.95 from 3437.9310687228417 to 3526.123731277159, within 1.2663981701338334% of mean
13:51:03,954 INFO Experiment.PerfCost-9c4a: Parametric CI (Student's t-distribution) 0.99 from 3408.9037886952638 to 3555.151011304737, within 2.100029750045523% of mean
13:51:03,958 INFO Wallet.WalletFunction-9000: Stopping function
13:51:03,963 INFO Wallet.WalletFunction-9000: Function stopped succesfully
