23:09:02,123 INFO SeBS-b008: Created experiment output at /scratch/patrick/wallet-current/Benchmarks/SeBS/210.thumbnailer
23:09:02,159 INFO WalletRemote-66d6: Generating unique resource name wallet-remote-1c75d704
23:09:02,162 INFO minio.Minio-ad1c: Initialize a new bucket for benchmarks
23:09:02,166 INFO minio.Minio-ad1c: Created bucket sebs-benchmarks-wallet-remote-1c75d704
23:09:02,168 INFO Benchmark-95a4: Building benchmark 210.thumbnailer. Reason: no cached code package.
23:09:02,173 INFO Benchmark-95a4: There is no Docker build image for wallet_remote run in python, thus skipping the Docker-based installation of dependencies.
23:09:02,175 INFO WalletRemote-66d6: Function size 0.000006 MB
23:09:02,176 INFO Benchmark-95a4: Created code package (source hash: 190a59d7dac478516354924c8ebe4012), for run on wallet_remote with python:3.11
23:09:02,183 INFO WalletRemote-66d6: Creating new function! Reason: function 210.thumbnailer-python-3.11 not found in cache.
23:09:02,373 INFO WalletRemote-66d6: starting wallet server
23:09:03,641 INFO Experiment.PerfCost-3ba6: Begin experiment
23:09:03,642 INFO Experiment.PerfCost-3ba6: Begin sequential experiments
23:09:11,822 INFO Experiment.PerfCost-3ba6: Processed 1 samples out of 5, 0 errors
23:09:22,566 INFO Experiment.PerfCost-3ba6: Processed 2 samples out of 5, 0 errors
23:09:33,307 INFO Experiment.PerfCost-3ba6: Processed 3 samples out of 5, 0 errors
23:09:44,46 INFO Experiment.PerfCost-3ba6: Processed 4 samples out of 5, 0 errors
23:09:54,783 INFO Experiment.PerfCost-3ba6: Processed 5 samples out of 5, 0 errors
23:09:59,784 INFO Experiment.PerfCost-3ba6: Mean 739.7268 [ms], median 739.717 [ms], std 2.9442257657999114, CV 0.39801528967179656
23:09:59,786 INFO Experiment.PerfCost-3ba6: Parametric CI (Student's t-distribution) 0.95 from 735.6395593919739 to 743.8140406080262, within 0.5525338014015647% of mean
23:09:59,788 INFO Experiment.PerfCost-3ba6: Parametric CI (Student's t-distribution) 0.99 from 732.9490526256951 to 746.5045473743049, within 0.9162500769615091% of mean
23:09:59,791 INFO WalletRemote.WalletRemoteFunction-857d: Stopping function
23:09:59,796 INFO WalletRemote.WalletRemoteFunction-857d: Function stopped succesfully
