01:59:06,217 INFO SeBS-df50: Created experiment output at /root/Benchmarks/SeBS/311.compression
01:59:06,292 INFO Wallet-6a0e: Generating unique resource name wallet-60e264cc
01:59:06,295 INFO minio.Minio-96c2: Initialize a new bucket for benchmarks
01:59:06,299 INFO minio.Minio-96c2: Created bucket sebs-benchmarks-wallet-60e264cc
01:59:06,456 INFO Benchmark-7de4: Building benchmark 311.compression. Reason: no cached code package.
01:59:06,536 INFO Benchmark-7de4: There is no Docker build image for wallet run in python, thus skipping the Docker-based installation of dependencies.
01:59:06,567 INFO Wallet-6a0e: Function size 0.000004 MB
01:59:06,589 INFO Benchmark-7de4: Created code package (source hash: 215abcf11a5b09fade69cad30b314ca7), for run on wallet with python:3.11
01:59:06,749 INFO Wallet-6a0e: Creating new function! Reason: function 311.compression-python-3.11 not found in cache.
01:59:07,765 INFO Experiment.PerfCost-42c6: Begin experiment
01:59:07,765 INFO Experiment.PerfCost-42c6: Begin cold experiments
01:59:07,769 INFO Wallet.WalletFunction-bead: Not stopping function as it was not running
01:59:18,934 INFO Experiment.PerfCost-42c6: Processed 1 samples out of 5, 0 errors
01:59:23,940 INFO Wallet.WalletFunction-bead: Stopping function
01:59:23,941 INFO Wallet.WalletFunction-bead: Function stopped succesfully
01:59:35,993 INFO Experiment.PerfCost-42c6: Processed 2 samples out of 5, 0 errors
01:59:40,996 INFO Wallet.WalletFunction-bead: Stopping function
01:59:40,997 INFO Wallet.WalletFunction-bead: Function stopped succesfully
01:59:53,998 INFO Experiment.PerfCost-42c6: Processed 3 samples out of 5, 0 errors
01:59:59,4 INFO Wallet.WalletFunction-bead: Stopping function
01:59:59,4 INFO Wallet.WalletFunction-bead: Function stopped succesfully
02:00:09,438 INFO Experiment.PerfCost-42c6: Processed 4 samples out of 5, 0 errors
02:00:14,444 INFO Wallet.WalletFunction-bead: Stopping function
02:00:14,444 INFO Wallet.WalletFunction-bead: Function stopped succesfully
02:00:25,365 INFO Experiment.PerfCost-42c6: Processed 5 samples out of 5, 0 errors
02:00:30,373 INFO Experiment.PerfCost-42c6: Mean 6509.1089999999995 [ms], median 6162.399 [ms], std 909.9706917493551, CV 13.979957806043117
02:00:30,379 INFO Experiment.PerfCost-42c6: Parametric CI (Student's t-distribution) 0.95 from 5245.867163509523 to 7772.350836490476, within 19.40729271073009% of mean
02:00:30,381 INFO Experiment.PerfCost-42c6: Parametric CI (Student's t-distribution) 0.99 from 4414.3133024890085 to 8603.90469751099, within 32.18252601870688% of mean
02:00:30,385 INFO Experiment.PerfCost-42c6: Begin sequential experiments
02:00:38,143 INFO Experiment.PerfCost-42c6: Processed 1 samples out of 5, 0 errors
02:00:49,549 INFO Experiment.PerfCost-42c6: Processed 2 samples out of 5, 0 errors
02:01:00,928 INFO Experiment.PerfCost-42c6: Processed 3 samples out of 5, 0 errors
02:01:12,365 INFO Experiment.PerfCost-42c6: Processed 4 samples out of 5, 0 errors
02:01:23,685 INFO Experiment.PerfCost-42c6: Processed 5 samples out of 5, 0 errors
02:01:28,690 INFO Experiment.PerfCost-42c6: Mean 1376.385 [ms], median 1382.442 [ms], std 37.50481119003272, CV 2.7248779367715223
02:01:28,692 INFO Experiment.PerfCost-42c6: Parametric CI (Student's t-distribution) 0.95 from 1324.319975275033 to 1428.450024724967, within 3.7827370049053926% of mean
02:01:28,694 INFO Experiment.PerfCost-42c6: Parametric CI (Student's t-distribution) 0.99 from 1290.0471455732745 to 1462.7228544267255, within 6.272798266962039% of mean
02:01:28,698 INFO Wallet.WalletFunction-bead: Stopping function
02:01:28,704 INFO Wallet.WalletFunction-bead: Function stopped succesfully
