03:40:28,449 INFO SeBS-fb3f: Created experiment output at /root/Benchmarks/SeBS/501.graph-pagerank
03:40:28,526 INFO Wallet-7a1b: Generating unique resource name wallet-8a2da5f4
03:40:28,528 INFO minio.Minio-a4a6: Initialize a new bucket for benchmarks
03:40:28,533 INFO minio.Minio-a4a6: Created bucket sebs-benchmarks-wallet-8a2da5f4
03:40:28,704 INFO Benchmark-2401: Building benchmark 501.graph-pagerank. Reason: no cached code package.
03:40:28,903 INFO Benchmark-2401: There is no Docker build image for wallet run in python, thus skipping the Docker-based installation of dependencies.
03:40:28,977 INFO Wallet-7a1b: Function size 0.000005 MB
03:40:29,18 INFO Benchmark-2401: Created code package (source hash: e3fc2034ea713c3a08295e68f4ad0ef8), for run on wallet with python:3.11
03:40:29,355 INFO Wallet-7a1b: Creating new function! Reason: function 501.graph-pagerank-python-3.11 not found in cache.
03:40:30,34 INFO Experiment.PerfCost-f91e: Begin experiment
03:40:30,35 INFO Experiment.PerfCost-f91e: Begin cold experiments
03:40:30,38 INFO Wallet.WalletFunction-b125: Not stopping function as it was not running
03:40:37,664 INFO Experiment.PerfCost-f91e: Processed 1 samples out of 5, 0 errors
03:40:42,670 INFO Wallet.WalletFunction-b125: Stopping function
03:40:42,671 INFO Wallet.WalletFunction-b125: Function stopped succesfully
03:40:50,289 INFO Experiment.PerfCost-f91e: Processed 2 samples out of 5, 0 errors
03:40:55,295 INFO Wallet.WalletFunction-b125: Stopping function
03:40:55,296 INFO Wallet.WalletFunction-b125: Function stopped succesfully
03:41:02,847 INFO Experiment.PerfCost-f91e: Processed 3 samples out of 5, 0 errors
03:41:07,853 INFO Wallet.WalletFunction-b125: Stopping function
03:41:07,854 INFO Wallet.WalletFunction-b125: Function stopped succesfully
03:41:15,405 INFO Experiment.PerfCost-f91e: Processed 4 samples out of 5, 0 errors
03:41:20,408 INFO Wallet.WalletFunction-b125: Stopping function
03:41:20,409 INFO Wallet.WalletFunction-b125: Function stopped succesfully
03:41:27,965 INFO Experiment.PerfCost-f91e: Processed 5 samples out of 5, 0 errors
03:41:32,973 INFO Experiment.PerfCost-f91e: Mean 2575.3494 [ms], median 2550.785 [ms], std 33.21738378981711, CV 1.289820472119904
03:41:32,979 INFO Experiment.PerfCost-f91e: Parametric CI (Student's t-distribution) 0.95 from 2529.236278684643 to 2621.462521315357, within 1.790557868200608% of mean
03:41:32,981 INFO Experiment.PerfCost-f91e: Parametric CI (Student's t-distribution) 0.99 from 2498.8814068257248 to 2651.8173931742754, within 2.969227910367242% of mean
03:41:32,984 INFO Experiment.PerfCost-f91e: Begin sequential experiments
03:41:38,197 INFO Experiment.PerfCost-f91e: Processed 1 samples out of 5, 0 errors
03:41:48,310 INFO Experiment.PerfCost-f91e: Processed 2 samples out of 5, 0 errors
03:41:58,423 INFO Experiment.PerfCost-f91e: Processed 3 samples out of 5, 0 errors
03:42:08,537 INFO Experiment.PerfCost-f91e: Processed 4 samples out of 5, 0 errors
03:42:18,651 INFO Experiment.PerfCost-f91e: Processed 5 samples out of 5, 0 errors
03:42:23,657 INFO Experiment.PerfCost-f91e: Mean 102.3524 [ms], median 102.288 [ms], std 0.5265922901068723, CV 0.5144894405083538
03:42:23,659 INFO Experiment.PerfCost-f91e: Parametric CI (Student's t-distribution) 0.95 from 101.62137270684894 to 103.08342729315106, within 0.7142258443876823% of mean
03:42:23,661 INFO Experiment.PerfCost-f91e: Parametric CI (Student's t-distribution) 0.99 from 101.1401595688959 to 103.56464043110411, within 1.184379097221078% of mean
03:42:23,665 INFO Wallet.WalletFunction-b125: Stopping function
03:42:23,667 INFO Wallet.WalletFunction-b125: Function stopped succesfully
