13:19:58,465 INFO SeBS-59e4: Created experiment output at /root/Benchmarks/SeBS/110.dynamic-html
13:19:58,541 INFO Wallet-ad45: Generating unique resource name wallet-803e5a44
13:19:58,543 INFO minio.Minio-9001: Initialize a new bucket for benchmarks
13:19:58,548 INFO minio.Minio-9001: Created bucket sebs-benchmarks-wallet-803e5a44
13:19:58,792 INFO Benchmark-c567: Building benchmark 110.dynamic-html. Reason: no cached code package.
13:19:58,915 INFO Benchmark-c567: There is no Docker build image for wallet run in python, thus skipping the Docker-based installation of dependencies.
13:19:58,953 INFO Wallet-ad45: Function size 0.000005 MB
13:19:58,980 INFO Benchmark-c567: Created code package (source hash: df7bdfe626d61a7c1f521476c26ace06), for run on wallet with python:3.11
13:19:59,214 INFO Wallet-ad45: Creating new function! Reason: function 110.dynamic-html-python-3.11 not found in cache.
13:19:59,899 INFO Experiment.PerfCost-1e68: Begin experiment
13:19:59,900 INFO Experiment.PerfCost-1e68: Begin cold experiments
13:19:59,904 INFO Wallet.WalletFunction-57cc: Not stopping function as it was not running
13:20:07,191 INFO Experiment.PerfCost-1e68: Processed 1 samples out of 5, 0 errors
13:20:12,197 INFO Wallet.WalletFunction-57cc: Stopping function
13:20:12,197 INFO Wallet.WalletFunction-57cc: Function stopped succesfully
13:20:18,904 INFO Wallet.WalletFunction-57cc: Stopping function
13:20:18,905 INFO Wallet.WalletFunction-57cc: Function stopped succesfully
13:20:18,905 ERROR Experiment.PerfCost-1e68: Couldn't invoke function; output:

    <!DOCTYPE HTML PUBLIC "-//IETF//DTD HTML 2.0//EN">
    <html>
        <head>
            <title>Error: 500 Internal Server Error</title>
            <style type="text/css">
              html {background-color: #eee; font-family: sans-serif;}
              body {background-color: #fff; border: 1px solid #ddd;
                    padding: 15px; margin: 15px;}
              pre {background-color: #eee; border: 1px solid #ddd; padding: 5px;}
            </style>
        </head>
        <body>
            <h1>Error: 500 Internal Server Error</h1>
            <p>Sorry, the requested URL <tt>&#039;http://localhost:9002/&#039;</tt>
               caused an error:</p>
            <pre>Internal Server Error</pre>
              <h2>Exception:</h2>
              <pre>RuntimeError(&#039;basic_string::_M_construct null not valid&#039;)</pre>
              <h2>Traceback:</h2>
              <pre>Traceback (most recent call last):
  File &quot;/root/Benchmarks/SeBS/python-venv/lib/python3.10/site-packages/bottle.py&quot;, line 995, in _handle
    out = route.call(**args)
  File &quot;/root/Benchmarks/SeBS/python-venv/lib/python3.10/site-packages/bottle.py&quot;, line 2025, in wrapper
    rv = callback(*a, **ka)
  File &quot;/root/Benchmarks/SeBS/cache/110.dynamic-html/wallet/python/3.11/code/server.py&quot;, line 34, in process_request
    ret = trustlet.invoke_trustlet_bin(&quot;&quot;, output_len)
  File &quot;/root/Benchmarks/SeBS/python-venv/lib/python3.10/site-packages/wallet/__init__.py&quot;, line 88, in invoke_trustlet_bin
    ret = _w.invoke_trustlet_bin(self.process_id, argument, output_size)
RuntimeError: basic_string::_M_construct null not valid
</pre>
        </body>
    </html>

13:20:18,906 INFO Experiment.PerfCost-1e68: Processed 1 samples out of 5, 1 errors
13:20:23,911 INFO Wallet.WalletFunction-57cc: Not stopping function as it was not running
13:20:31,177 INFO Experiment.PerfCost-1e68: Processed 2 samples out of 5, 1 errors
13:20:36,183 INFO Wallet.WalletFunction-57cc: Stopping function
13:20:36,184 INFO Wallet.WalletFunction-57cc: Function stopped succesfully
13:20:42,888 INFO Wallet.WalletFunction-57cc: Stopping function
13:20:42,889 INFO Wallet.WalletFunction-57cc: Function stopped succesfully
13:20:42,889 ERROR Experiment.PerfCost-1e68: Couldn't invoke function; output:

    <!DOCTYPE HTML PUBLIC "-//IETF//DTD HTML 2.0//EN">
    <html>
        <head>
            <title>Error: 500 Internal Server Error</title>
            <style type="text/css">
              html {background-color: #eee; font-family: sans-serif;}
              body {background-color: #fff; border: 1px solid #ddd;
                    padding: 15px; margin: 15px;}
              pre {background-color: #eee; border: 1px solid #ddd; padding: 5px;}
            </style>
        </head>
        <body>
            <h1>Error: 500 Internal Server Error</h1>
            <p>Sorry, the requested URL <tt>&#039;http://localhost:9002/&#039;</tt>
               caused an error:</p>
            <pre>Internal Server Error</pre>
              <h2>Exception:</h2>
              <pre>RuntimeError(&#039;basic_string::_M_construct null not valid&#039;)</pre>
              <h2>Traceback:</h2>
              <pre>Traceback (most recent call last):
  File &quot;/root/Benchmarks/SeBS/python-venv/lib/python3.10/site-packages/bottle.py&quot;, line 995, in _handle
    out = route.call(**args)
  File &quot;/root/Benchmarks/SeBS/python-venv/lib/python3.10/site-packages/bottle.py&quot;, line 2025, in wrapper
    rv = callback(*a, **ka)
  File &quot;/root/Benchmarks/SeBS/cache/110.dynamic-html/wallet/python/3.11/code/server.py&quot;, line 34, in process_request
    ret = trustlet.invoke_trustlet_bin(&quot;&quot;, output_len)
  File &quot;/root/Benchmarks/SeBS/python-venv/lib/python3.10/site-packages/wallet/__init__.py&quot;, line 88, in invoke_trustlet_bin
    ret = _w.invoke_trustlet_bin(self.process_id, argument, output_size)
RuntimeError: basic_string::_M_construct null not valid
</pre>
        </body>
    </html>

13:20:42,889 INFO Experiment.PerfCost-1e68: Processed 2 samples out of 5, 2 errors
13:20:47,894 INFO Wallet.WalletFunction-57cc: Not stopping function as it was not running
13:20:55,169 INFO Experiment.PerfCost-1e68: Processed 3 samples out of 5, 2 errors
13:21:00,172 INFO Wallet.WalletFunction-57cc: Stopping function
13:21:00,173 INFO Wallet.WalletFunction-57cc: Function stopped succesfully
13:21:06,876 INFO Wallet.WalletFunction-57cc: Stopping function
13:21:06,876 INFO Wallet.WalletFunction-57cc: Function stopped succesfully
13:21:06,877 ERROR Experiment.PerfCost-1e68: Couldn't invoke function; output:

    <!DOCTYPE HTML PUBLIC "-//IETF//DTD HTML 2.0//EN">
    <html>
        <head>
            <title>Error: 500 Internal Server Error</title>
            <style type="text/css">
              html {background-color: #eee; font-family: sans-serif;}
              body {background-color: #fff; border: 1px solid #ddd;
                    padding: 15px; margin: 15px;}
              pre {background-color: #eee; border: 1px solid #ddd; padding: 5px;}
            </style>
        </head>
        <body>
            <h1>Error: 500 Internal Server Error</h1>
            <p>Sorry, the requested URL <tt>&#039;http://localhost:9002/&#039;</tt>
               caused an error:</p>
            <pre>Internal Server Error</pre>
              <h2>Exception:</h2>
              <pre>RuntimeError(&#039;basic_string::_M_construct null not valid&#039;)</pre>
              <h2>Traceback:</h2>
              <pre>Traceback (most recent call last):
  File &quot;/root/Benchmarks/SeBS/python-venv/lib/python3.10/site-packages/bottle.py&quot;, line 995, in _handle
    out = route.call(**args)
  File &quot;/root/Benchmarks/SeBS/python-venv/lib/python3.10/site-packages/bottle.py&quot;, line 2025, in wrapper
    rv = callback(*a, **ka)
  File &quot;/root/Benchmarks/SeBS/cache/110.dynamic-html/wallet/python/3.11/code/server.py&quot;, line 34, in process_request
    ret = trustlet.invoke_trustlet_bin(&quot;&quot;, output_len)
  File &quot;/root/Benchmarks/SeBS/python-venv/lib/python3.10/site-packages/wallet/__init__.py&quot;, line 88, in invoke_trustlet_bin
    ret = _w.invoke_trustlet_bin(self.process_id, argument, output_size)
RuntimeError: basic_string::_M_construct null not valid
</pre>
        </body>
    </html>

13:21:06,877 INFO Experiment.PerfCost-1e68: Processed 3 samples out of 5, 3 errors
13:21:11,880 INFO Wallet.WalletFunction-57cc: Not stopping function as it was not running
13:21:19,156 INFO Experiment.PerfCost-1e68: Processed 4 samples out of 5, 3 errors
13:21:24,162 INFO Wallet.WalletFunction-57cc: Stopping function
13:21:24,163 INFO Wallet.WalletFunction-57cc: Function stopped succesfully
13:21:30,856 INFO Wallet.WalletFunction-57cc: Stopping function
13:21:30,856 INFO Wallet.WalletFunction-57cc: Function stopped succesfully
13:21:30,857 ERROR Experiment.PerfCost-1e68: Couldn't invoke function; output:

    <!DOCTYPE HTML PUBLIC "-//IETF//DTD HTML 2.0//EN">
    <html>
        <head>
            <title>Error: 500 Internal Server Error</title>
            <style type="text/css">
              html {background-color: #eee; font-family: sans-serif;}
              body {background-color: #fff; border: 1px solid #ddd;
                    padding: 15px; margin: 15px;}
              pre {background-color: #eee; border: 1px solid #ddd; padding: 5px;}
            </style>
        </head>
        <body>
            <h1>Error: 500 Internal Server Error</h1>
            <p>Sorry, the requested URL <tt>&#039;http://localhost:9002/&#039;</tt>
               caused an error:</p>
            <pre>Internal Server Error</pre>
              <h2>Exception:</h2>
              <pre>RuntimeError(&#039;basic_string::_M_construct null not valid&#039;)</pre>
              <h2>Traceback:</h2>
              <pre>Traceback (most recent call last):
  File &quot;/root/Benchmarks/SeBS/python-venv/lib/python3.10/site-packages/bottle.py&quot;, line 995, in _handle
    out = route.call(**args)
  File &quot;/root/Benchmarks/SeBS/python-venv/lib/python3.10/site-packages/bottle.py&quot;, line 2025, in wrapper
    rv = callback(*a, **ka)
  File &quot;/root/Benchmarks/SeBS/cache/110.dynamic-html/wallet/python/3.11/code/server.py&quot;, line 34, in process_request
    ret = trustlet.invoke_trustlet_bin(&quot;&quot;, output_len)
  File &quot;/root/Benchmarks/SeBS/python-venv/lib/python3.10/site-packages/wallet/__init__.py&quot;, line 88, in invoke_trustlet_bin
    ret = _w.invoke_trustlet_bin(self.process_id, argument, output_size)
RuntimeError: basic_string::_M_construct null not valid
</pre>
        </body>
    </html>

13:21:30,857 INFO Experiment.PerfCost-1e68: Processed 4 samples out of 5, 4 errors
13:21:35,863 INFO Wallet.WalletFunction-57cc: Not stopping function as it was not running
13:21:43,148 INFO Experiment.PerfCost-1e68: Processed 5 samples out of 5, 4 errors
13:21:48,157 INFO Experiment.PerfCost-1e68: Mean 2271.5116000000003 [ms], median 2269.16 [ms], std 7.606748703618303, CV 0.3348760668278472
13:21:48,163 INFO Experiment.PerfCost-1e68: Parametric CI (Student's t-distribution) 0.95 from 2260.951739897685 to 2282.0714601023155, within 0.46488250829602934% of mean
13:21:48,165 INFO Experiment.PerfCost-1e68: Parametric CI (Student's t-distribution) 0.99 from 2254.000503652761 to 2289.0226963472396, within 0.7709005909210124% of mean
13:21:48,171 INFO Experiment.PerfCost-1e68: Begin sequential experiments
13:21:53,201 INFO Experiment.PerfCost-1e68: Processed 1 samples out of 5, 0 errors
13:22:03,223 INFO Experiment.PerfCost-1e68: Processed 2 samples out of 5, 0 errors
13:22:13,244 INFO Experiment.PerfCost-1e68: Processed 3 samples out of 5, 0 errors
13:22:23,267 INFO Experiment.PerfCost-1e68: Processed 4 samples out of 5, 0 errors
13:22:33,286 INFO Experiment.PerfCost-1e68: Processed 5 samples out of 5, 0 errors
13:22:38,293 INFO Experiment.PerfCost-1e68: Mean 10.4646 [ms], median 10.444 [ms], std 0.25333266666578974, CV 2.4208537991494152
13:22:38,295 INFO Experiment.PerfCost-1e68: Parametric CI (Student's t-distribution) 0.95 from 10.112917878824533 to 10.816282121175469, within 3.360683840523939% of mean
13:22:38,297 INFO Experiment.PerfCost-1e68: Parametric CI (Student's t-distribution) 0.99 from 9.881416184320964 to 11.047783815679038, within 5.572920280555752% of mean
13:22:38,304 INFO Wallet.WalletFunction-57cc: Stopping function
13:22:38,306 INFO Wallet.WalletFunction-57cc: Function stopped succesfully
