18:06:18,404 INFO SeBS-419e: Created experiment output at /root/Benchmarks/SeBS/120.uploader
18:06:18,482 INFO WalletWarm-3c0a: Generating unique resource name wallet-af4387ec
18:06:18,484 INFO minio.Minio-425a: Initialize a new bucket for benchmarks
18:06:18,489 INFO minio.Minio-425a: Created bucket sebs-benchmarks-wallet-af4387ec
18:06:18,734 INFO Benchmark-fa86: Building benchmark 120.uploader. Reason: no cached code package.
18:06:18,821 INFO Benchmark-fa86: There is no Docker build image for wallet_warm run in python, thus skipping the Docker-based installation of dependencies.
18:06:18,854 INFO WalletWarm-3c0a: Function size 0.000004 MB
18:06:18,879 INFO Benchmark-fa86: Created code package (source hash: b08147a53766c5cdc314e5957eeb01b5), for run on wallet_warm with python:3.11
18:06:19,48 INFO WalletWarm-3c0a: Creating new function! Reason: function 120.uploader-python-3.11 not found in cache.
18:06:19,723 INFO Experiment.PerfCost-f8f5: Begin experiment
18:06:19,724 INFO Experiment.PerfCost-f8f5: Begin cold experiments
18:06:19,728 INFO WalletWarm.WalletFunction-f8cf: Not stopping function as it was not running
18:06:30,204 INFO Experiment.PerfCost-f8f5: Processed 1 samples out of 5, 0 errors
18:06:35,210 INFO WalletWarm.WalletFunction-f8cf: Stopping function
18:06:35,211 INFO WalletWarm.WalletFunction-f8cf: Function stopped succesfully
18:06:46,899 INFO Experiment.PerfCost-f8f5: Processed 2 samples out of 5, 0 errors
18:06:51,905 INFO WalletWarm.WalletFunction-f8cf: Stopping function
18:06:51,906 INFO WalletWarm.WalletFunction-f8cf: Function stopped succesfully
18:07:03,4 INFO Experiment.PerfCost-f8f5: Processed 3 samples out of 5, 0 errors
18:07:08,10 INFO WalletWarm.WalletFunction-f8cf: Stopping function
18:07:08,11 INFO WalletWarm.WalletFunction-f8cf: Function stopped succesfully
18:07:19,773 INFO Experiment.PerfCost-f8f5: Processed 4 samples out of 5, 0 errors
18:07:24,779 INFO WalletWarm.WalletFunction-f8cf: Stopping function
18:07:24,780 INFO WalletWarm.WalletFunction-f8cf: Function stopped succesfully
18:07:34,971 INFO Experiment.PerfCost-f8f5: Processed 5 samples out of 5, 0 errors
18:07:39,979 INFO Experiment.PerfCost-f8f5: Mean 6037.0658 [ms], median 6092.367 [ms], std 629.811860677901, CV 10.43241669948174
18:07:39,985 INFO Experiment.PerfCost-f8f5: Parametric CI (Student's t-distribution) 0.95 from 5162.746771112663 to 6911.384828887338, within 14.482516140329917% of mean
18:07:39,987 INFO Experiment.PerfCost-f8f5: Parametric CI (Student's t-distribution) 0.99 from 4587.209021147987 to 7486.922578852013, within 24.015918111278715% of mean
18:07:39,991 INFO Experiment.PerfCost-f8f5: Begin sequential experiments
18:07:47,376 INFO Experiment.PerfCost-f8f5: Processed 1 samples out of 5, 0 errors
18:07:58,262 INFO Experiment.PerfCost-f8f5: Processed 2 samples out of 5, 0 errors
18:08:09,186 INFO Experiment.PerfCost-f8f5: Processed 3 samples out of 5, 0 errors
18:08:20,172 INFO Experiment.PerfCost-f8f5: Processed 4 samples out of 5, 0 errors
18:08:31,164 INFO Experiment.PerfCost-f8f5: Processed 5 samples out of 5, 0 errors
18:08:36,168 INFO Experiment.PerfCost-f8f5: Mean 1060.4298000000003 [ms], median 979.596 [ms], std 248.11700260111155, CV 23.397777259853644
18:08:36,170 INFO Experiment.PerfCost-f8f5: Parametric CI (Student's t-distribution) 0.95 from 715.9881813058976 to 1404.871418694103, within 32.4813220728145% of mean
18:08:36,172 INFO Experiment.PerfCost-f8f5: Parametric CI (Student's t-distribution) 0.99 from 489.2526904065692 to 1631.6069095934315, within 53.86279314231182% of mean
18:08:36,176 INFO WalletWarm.WalletFunction-f8cf: Stopping function
18:08:36,184 INFO WalletWarm.WalletFunction-f8cf: Function stopped succesfully
