09:19:13,769 INFO SeBS-514c: Created experiment output at /root/Benchmarks/SeBS/411.image-recognition
09:19:13,842 INFO Wallet-e5b8: Generating unique resource name wallet-dd02b182
09:19:13,844 INFO minio.Minio-d2ea: Initialize a new bucket for benchmarks
09:19:13,849 INFO minio.Minio-d2ea: Created bucket sebs-benchmarks-wallet-dd02b182
09:19:13,889 INFO Benchmark-1d0e: Building benchmark 411.image-recognition. Reason: no cached code package.
09:19:14,109 INFO Benchmark-1d0e: There is no Docker build image for wallet run in python, thus skipping the Docker-based installation of dependencies.
09:19:14,190 INFO Wallet-e5b8: Function size 0.000005 MB
09:19:14,239 INFO Benchmark-1d0e: Created code package (source hash: 65f39566e62d78246478ad11716a21ec), for run on wallet with python:3.11
09:19:14,631 INFO Wallet-e5b8: Creating new function! Reason: function 411.image-recognition-python-3.11 not found in cache.
09:19:16,407 INFO Experiment.PerfCost-5828: Begin experiment
09:19:16,408 INFO Experiment.PerfCost-5828: Begin cold experiments
09:19:16,411 INFO Wallet.WalletFunction-4599: Not stopping function as it was not running
09:19:47,869 INFO Experiment.PerfCost-5828: Processed 1 samples out of 5, 0 errors
09:19:52,875 INFO Wallet.WalletFunction-4599: Stopping function
09:19:52,876 INFO Wallet.WalletFunction-4599: Function stopped succesfully
09:20:24,56 INFO Experiment.PerfCost-5828: Processed 2 samples out of 5, 0 errors
09:20:29,62 INFO Wallet.WalletFunction-4599: Stopping function
09:20:29,63 INFO Wallet.WalletFunction-4599: Function stopped succesfully
09:21:00,161 INFO Experiment.PerfCost-5828: Processed 3 samples out of 5, 0 errors
09:21:05,167 INFO Wallet.WalletFunction-4599: Stopping function
09:21:05,168 INFO Wallet.WalletFunction-4599: Function stopped succesfully
09:21:35,921 INFO Experiment.PerfCost-5828: Processed 4 samples out of 5, 0 errors
09:21:40,927 INFO Wallet.WalletFunction-4599: Stopping function
09:21:40,928 INFO Wallet.WalletFunction-4599: Function stopped succesfully
09:22:11,638 INFO Experiment.PerfCost-5828: Processed 5 samples out of 5, 0 errors
09:22:16,646 INFO Experiment.PerfCost-5828: Mean 26033.6158 [ms], median 26092.348 [ms], std 279.0160483365782, CV 1.071752961555875
09:22:16,651 INFO Experiment.PerfCost-5828: Parametric CI (Student's t-distribution) 0.95 from 25646.279429162136 to 26420.952170837863, within 1.487831632046532% of mean
09:22:16,653 INFO Experiment.PerfCost-5828: Parametric CI (Student's t-distribution) 0.99 from 25391.307621405416 to 26675.923978594583, within 2.4672261568620955% of mean
09:22:16,657 INFO Experiment.PerfCost-5828: Begin sequential experiments
09:22:22,736 INFO Experiment.PerfCost-5828: Processed 1 samples out of 5, 0 errors
09:22:33,280 INFO Experiment.PerfCost-5828: Processed 2 samples out of 5, 0 errors
09:22:43,826 INFO Experiment.PerfCost-5828: Processed 3 samples out of 5, 0 errors
09:22:54,372 INFO Experiment.PerfCost-5828: Processed 4 samples out of 5, 0 errors
09:23:04,919 INFO Experiment.PerfCost-5828: Processed 5 samples out of 5, 0 errors
09:23:09,925 INFO Experiment.PerfCost-5828: Mean 534.6502 [ms], median 534.387 [ms], std 0.5507897602534094, CV 0.10301871396539446
09:23:09,928 INFO Experiment.PerfCost-5828: Parametric CI (Student's t-distribution) 0.95 from 533.8855812330758 to 535.4148187669243, within 0.14301290206648876% of mean
09:23:09,930 INFO Experiment.PerfCost-5828: Parametric CI (Student's t-distribution) 0.99 from 533.3822558447945 to 535.9181441552056, within 0.23715396631396657% of mean
09:23:09,934 INFO Wallet.WalletFunction-4599: Stopping function
09:23:09,940 INFO Wallet.WalletFunction-4599: Function stopped succesfully
