15:41:28,866 INFO SeBS-2717: Created experiment output at /root/Benchmarks/SeBS/411.image-recognition
15:41:28,945 INFO WalletWarm-511b: Generating unique resource name walletwarm-4365c916
15:41:28,948 INFO minio.Minio-de20: Initialize a new bucket for benchmarks
15:41:28,953 INFO minio.Minio-de20: Created bucket sebs-benchmarks-walletwarm-4365c916
15:41:28,994 INFO Benchmark-5664: Building benchmark 411.image-recognition. Reason: no cached code package.
15:41:29,222 INFO Benchmark-5664: There is no Docker build image for wallet_warm run in python, thus skipping the Docker-based installation of dependencies.
15:41:29,306 INFO WalletWarm-511b: Function size 0.000005 MB
15:41:29,357 INFO Benchmark-5664: Created code package (source hash: d177d99361b9fb5bdf976fb4be43044c), for run on wallet_warm with python:3.11
15:41:29,739 INFO WalletWarm-511b: Creating new function! Reason: function 411.image-recognition-python-3.11 not found in cache.
15:41:31,475 INFO Experiment.PerfCost-2f52: Begin experiment
15:41:31,475 INFO Experiment.PerfCost-2f52: Begin sequential experiments
15:42:16,36 INFO Experiment.PerfCost-2f52: Processed 1 samples out of 5, 0 errors
15:42:39,301 INFO Experiment.PerfCost-2f52: Processed 2 samples out of 5, 0 errors
15:43:02,562 INFO Experiment.PerfCost-2f52: Processed 3 samples out of 5, 0 errors
15:43:25,830 INFO Experiment.PerfCost-2f52: Processed 4 samples out of 5, 0 errors
15:43:49,150 INFO Experiment.PerfCost-2f52: Processed 5 samples out of 5, 0 errors
15:43:54,159 INFO Experiment.PerfCost-2f52: Mean 13274.0572 [ms], median 13256.797 [ms], std 25.56048848828949, CV 0.19255972837219273
15:43:54,164 INFO Experiment.PerfCost-2f52: Parametric CI (Student's t-distribution) 0.95 from 13238.57355342511 to 13309.540846574888, within 0.2673157576486001% of mean
15:43:54,167 INFO Experiment.PerfCost-2f52: Parametric CI (Student's t-distribution) 0.99 from 13215.21574302009 to 13332.898656979909, within 0.44328162891982803% of mean
15:43:54,171 INFO WalletWarm.WalletFunction-313a: Stopping function
15:43:54,176 INFO WalletWarm.WalletFunction-313a: Function stopped succesfully
