12:32:24,955 INFO SeBS-a4de: Created experiment output at /root/Benchmarks/SeBS/501.graph-pagerank
12:32:25,33 INFO Wallet-ee17: Generating unique resource name wallet-5db3ea54
12:32:25,36 INFO minio.Minio-d1ee: Initialize a new bucket for benchmarks
12:32:25,40 INFO minio.Minio-d1ee: Created bucket sebs-benchmarks-wallet-5db3ea54
12:32:25,208 INFO Benchmark-e63a: Building benchmark 501.graph-pagerank. Reason: no cached code package.
12:32:25,407 INFO Benchmark-e63a: There is no Docker build image for wallet run in python, thus skipping the Docker-based installation of dependencies.
12:32:25,480 INFO Wallet-ee17: Function size 0.000005 MB
12:32:25,520 INFO Benchmark-e63a: Created code package (source hash: a2133bfc24b3a975a3a3fa1d31ee89f8), for run on wallet with python:3.11
12:32:25,856 INFO Wallet-ee17: Creating new function! Reason: function 501.graph-pagerank-python-3.11 not found in cache.
12:32:26,534 INFO Experiment.PerfCost-f360: Begin experiment
12:32:26,534 INFO Experiment.PerfCost-f360: Begin cold experiments
12:32:26,538 INFO Wallet.WalletFunction-319c: Not stopping function as it was not running
12:32:36,327 INFO Experiment.PerfCost-f360: Processed 1 samples out of 5, 0 errors
12:32:41,333 INFO Wallet.WalletFunction-319c: Stopping function
12:32:41,334 INFO Wallet.WalletFunction-319c: Function stopped succesfully
12:32:51,887 INFO Experiment.PerfCost-f360: Processed 2 samples out of 5, 0 errors
12:32:56,893 INFO Wallet.WalletFunction-319c: Stopping function
12:32:56,893 INFO Wallet.WalletFunction-319c: Function stopped succesfully
12:33:08,259 INFO Experiment.PerfCost-f360: Processed 3 samples out of 5, 0 errors
12:33:13,264 INFO Wallet.WalletFunction-319c: Stopping function
12:33:13,265 INFO Wallet.WalletFunction-319c: Function stopped succesfully
12:33:23,763 INFO Experiment.PerfCost-f360: Processed 4 samples out of 5, 0 errors
12:33:28,769 INFO Wallet.WalletFunction-319c: Stopping function
12:33:28,769 INFO Wallet.WalletFunction-319c: Function stopped succesfully
12:33:38,55 INFO Experiment.PerfCost-f360: Processed 5 samples out of 5, 0 errors
12:33:43,63 INFO Experiment.PerfCost-f360: Mean 5293.111999999999 [ms], median 5491.7 [ms], std 709.7351241599924, CV 13.408654949300006
12:33:43,69 INFO Experiment.PerfCost-f360: Parametric CI (Student's t-distribution) 0.95 from 4307.841694269518 to 6278.382305730481, within 18.61419720063512% of mean
12:33:43,72 INFO Experiment.PerfCost-f360: Parametric CI (Student's t-distribution) 0.99 from 3659.2680773956263 to 6926.955922604372, within 30.867359742328766% of mean
12:33:43,75 INFO Experiment.PerfCost-f360: Begin sequential experiments
12:33:48,297 INFO Experiment.PerfCost-f360: Processed 1 samples out of 5, 0 errors
12:33:58,411 INFO Experiment.PerfCost-f360: Processed 2 samples out of 5, 0 errors
12:34:08,524 INFO Experiment.PerfCost-f360: Processed 3 samples out of 5, 0 errors
12:34:18,638 INFO Experiment.PerfCost-f360: Processed 4 samples out of 5, 0 errors
12:34:28,749 INFO Experiment.PerfCost-f360: Processed 5 samples out of 5, 0 errors
12:34:33,755 INFO Experiment.PerfCost-f360: Mean 102.89380000000001 [ms], median 103.009 [ms], std 0.5204749369566227, CV 0.5058370251235961
12:34:33,758 INFO Experiment.PerfCost-f360: Parametric CI (Student's t-distribution) 0.95 from 102.17126495445434 to 103.61633504554568, within 0.7022143662161073% of mean
12:34:33,760 INFO Experiment.PerfCost-f360: Parametric CI (Student's t-distribution) 0.99 from 101.69564200602876 to 104.09195799397126, within 1.164460826571912% of mean
12:34:33,764 INFO Wallet.WalletFunction-319c: Stopping function
12:34:33,766 INFO Wallet.WalletFunction-319c: Function stopped succesfully
