09:30:21,58 INFO SeBS-8b9c: Created experiment output at /root/Benchmarks/SeBS/411.image-recognition
09:30:21,136 INFO Wallet-c8fa: Generating unique resource name wallet-6abfb442
09:30:21,138 INFO minio.Minio-f331: Initialize a new bucket for benchmarks
09:30:21,143 INFO minio.Minio-f331: Created bucket sebs-benchmarks-wallet-6abfb442
09:30:21,182 INFO Benchmark-d9a5: Building benchmark 411.image-recognition. Reason: no cached code package.
09:30:21,398 INFO Benchmark-d9a5: There is no Docker build image for wallet run in python, thus skipping the Docker-based installation of dependencies.
09:30:21,477 INFO Wallet-c8fa: Function size 0.000005 MB
09:30:21,524 INFO Benchmark-d9a5: Created code package (source hash: 65f39566e62d78246478ad11716a21ec), for run on wallet with python:3.11
09:30:21,893 INFO Wallet-c8fa: Creating new function! Reason: function 411.image-recognition-python-3.11 not found in cache.
09:30:23,663 INFO Experiment.PerfCost-f34c: Begin experiment
09:30:23,663 INFO Experiment.PerfCost-f34c: Begin cold experiments
09:30:23,667 INFO Wallet.WalletFunction-e33f: Not stopping function as it was not running
09:30:56,156 INFO Experiment.PerfCost-f34c: Processed 1 samples out of 5, 0 errors
09:31:01,162 INFO Wallet.WalletFunction-e33f: Stopping function
09:31:01,162 INFO Wallet.WalletFunction-e33f: Function stopped succesfully
09:31:33,411 INFO Experiment.PerfCost-f34c: Processed 2 samples out of 5, 0 errors
09:31:38,416 INFO Wallet.WalletFunction-e33f: Stopping function
09:31:38,417 INFO Wallet.WalletFunction-e33f: Function stopped succesfully
09:32:10,718 INFO Experiment.PerfCost-f34c: Processed 3 samples out of 5, 0 errors
09:32:15,724 INFO Wallet.WalletFunction-e33f: Stopping function
09:32:15,725 INFO Wallet.WalletFunction-e33f: Function stopped succesfully
09:32:47,775 INFO Experiment.PerfCost-f34c: Processed 4 samples out of 5, 0 errors
09:32:52,781 INFO Wallet.WalletFunction-e33f: Stopping function
09:32:52,781 INFO Wallet.WalletFunction-e33f: Function stopped succesfully
09:33:25,191 INFO Experiment.PerfCost-f34c: Processed 5 samples out of 5, 0 errors
09:33:30,200 INFO Experiment.PerfCost-f34c: Mean 27293.533199999998 [ms], median 27295.61 [ms], std 150.19106617425703, CV 0.5502807755730835
09:33:30,206 INFO Experiment.PerfCost-f34c: Parametric CI (Student's t-distribution) 0.95 from 27085.03457473802 to 27502.031825261976, within 0.7639121829121718% of mean
09:33:30,208 INFO Experiment.PerfCost-f34c: Parametric CI (Student's t-distribution) 0.99 from 26947.786241247308 to 27639.28015875269, within 1.2667724483273946% of mean
09:33:30,212 INFO Experiment.PerfCost-f34c: Begin sequential experiments
09:33:36,289 INFO Experiment.PerfCost-f34c: Processed 1 samples out of 5, 0 errors
09:33:46,831 INFO Experiment.PerfCost-f34c: Processed 2 samples out of 5, 0 errors
09:33:57,375 INFO Experiment.PerfCost-f34c: Processed 3 samples out of 5, 0 errors
09:34:07,919 INFO Experiment.PerfCost-f34c: Processed 4 samples out of 5, 0 errors
09:34:18,469 INFO Experiment.PerfCost-f34c: Processed 5 samples out of 5, 0 errors
09:34:23,475 INFO Experiment.PerfCost-f34c: Mean 533.6418000000001 [ms], median 532.745 [ms], std 2.678790727175215, CV 0.5019829269699665
09:34:23,478 INFO Experiment.PerfCost-f34c: Parametric CI (Student's t-distribution) 0.95 from 529.9230422988427 to 537.3605577011575, within 0.6968640202393093% of mean
09:34:23,480 INFO Experiment.PerfCost-f34c: Parametric CI (Student's t-distribution) 0.99 from 527.4750966757082 to 539.808503324292, within 1.1555885098003782% of mean
09:34:23,483 INFO Wallet.WalletFunction-e33f: Stopping function
09:34:23,488 INFO Wallet.WalletFunction-e33f: Function stopped succesfully
