03:13:29,934 INFO SeBS-73d8: Created experiment output at /root/Benchmarks/SeBS/110.dynamic-html
03:13:30,12 INFO Wallet-e50d: Generating unique resource name wallet-c577fdac
03:13:30,14 INFO minio.Minio-53b0: Initialize a new bucket for benchmarks
03:13:30,20 INFO minio.Minio-53b0: Created bucket sebs-benchmarks-wallet-c577fdac
03:13:30,268 INFO Benchmark-ff00: Building benchmark 110.dynamic-html. Reason: no cached code package.
03:13:30,391 INFO Benchmark-ff00: There is no Docker build image for wallet run in python, thus skipping the Docker-based installation of dependencies.
03:13:30,430 INFO Wallet-e50d: Function size 0.000005 MB
03:13:30,457 INFO Benchmark-ff00: Created code package (source hash: df7bdfe626d61a7c1f521476c26ace06), for run on wallet with python:3.11
03:13:30,685 INFO Wallet-e50d: Creating new function! Reason: function 110.dynamic-html-python-3.11 not found in cache.
03:13:31,335 INFO Experiment.PerfCost-2bf1: Begin experiment
03:13:31,335 INFO Experiment.PerfCost-2bf1: Begin cold experiments
03:13:31,339 INFO Wallet.WalletFunction-9180: Not stopping function as it was not running
03:13:38,623 INFO Experiment.PerfCost-2bf1: Processed 1 samples out of 5, 0 errors
03:13:43,629 INFO Wallet.WalletFunction-9180: Stopping function
03:13:43,630 INFO Wallet.WalletFunction-9180: Function stopped succesfully
03:13:50,902 INFO Experiment.PerfCost-2bf1: Processed 2 samples out of 5, 0 errors
03:13:55,908 INFO Wallet.WalletFunction-9180: Stopping function
03:13:55,908 INFO Wallet.WalletFunction-9180: Function stopped succesfully
03:14:03,146 INFO Experiment.PerfCost-2bf1: Processed 3 samples out of 5, 0 errors
03:14:08,152 INFO Wallet.WalletFunction-9180: Stopping function
03:14:08,153 INFO Wallet.WalletFunction-9180: Function stopped succesfully
03:14:15,390 INFO Experiment.PerfCost-2bf1: Processed 4 samples out of 5, 0 errors
03:14:20,396 INFO Wallet.WalletFunction-9180: Stopping function
03:14:20,397 INFO Wallet.WalletFunction-9180: Function stopped succesfully
03:14:27,638 INFO Experiment.PerfCost-2bf1: Processed 5 samples out of 5, 0 errors
03:14:32,646 INFO Experiment.PerfCost-2bf1: Mean 2248.4080000000004 [ms], median 2235.129 [ms], std 19.659469087439774, CV 0.8743728490309487
03:14:32,652 INFO Experiment.PerfCost-2bf1: Parametric CI (Student's t-distribution) 0.95 from 2221.1162816406954 to 2275.6997183593053, within 1.213824108404921% of mean
03:14:32,654 INFO Experiment.PerfCost-2bf1: Parametric CI (Student's t-distribution) 0.99 from 2203.1509695998798 to 2293.665030400121, within 2.012847774964356% of mean
03:14:32,661 INFO Experiment.PerfCost-2bf1: Begin sequential experiments
03:14:37,690 INFO Experiment.PerfCost-2bf1: Processed 1 samples out of 5, 0 errors
03:14:47,711 INFO Experiment.PerfCost-2bf1: Processed 2 samples out of 5, 0 errors
03:14:57,729 INFO Experiment.PerfCost-2bf1: Processed 3 samples out of 5, 0 errors
03:15:07,747 INFO Experiment.PerfCost-2bf1: Processed 4 samples out of 5, 0 errors
03:15:17,768 INFO Experiment.PerfCost-2bf1: Processed 5 samples out of 5, 0 errors
03:15:22,774 INFO Experiment.PerfCost-2bf1: Mean 9.872800000000002 [ms], median 10.107 [ms], std 0.36802793372242804, CV 3.7276956255816787
03:15:22,777 INFO Experiment.PerfCost-2bf1: Parametric CI (Student's t-distribution) 0.95 from 9.361895322420153 to 10.38370467757985, within 5.174871136656756% of mean
03:15:22,779 INFO Experiment.PerfCost-2bf1: Parametric CI (Student's t-distribution) 0.99 from 9.025582238905391 to 10.720017761094612, within 8.58133215597004% of mean
03:15:22,785 INFO Wallet.WalletFunction-9180: Stopping function
03:15:22,786 INFO Wallet.WalletFunction-9180: Function stopped succesfully
