01:53:46,20 INFO SeBS-87db: Created experiment output at /root/Benchmarks/SeBS/210.thumbnailer
01:53:46,92 INFO Wallet-e474: Generating unique resource name wallet-a207d15e
01:53:46,95 INFO minio.Minio-9f40: Initialize a new bucket for benchmarks
01:53:46,100 INFO minio.Minio-9f40: Created bucket sebs-benchmarks-wallet-a207d15e
01:53:46,109 INFO Benchmark-c4b4: Building benchmark 210.thumbnailer. Reason: no cached code package.
01:53:46,324 INFO Benchmark-c4b4: There is no Docker build image for wallet run in python, thus skipping the Docker-based installation of dependencies.
01:53:46,404 INFO Wallet-e474: Function size 0.000005 MB
01:53:46,448 INFO Benchmark-c4b4: Created code package (source hash: de4ea5bd9ade694cacda06f879b30898), for run on wallet with python:3.11
01:53:46,809 INFO Wallet-e474: Creating new function! Reason: function 210.thumbnailer-python-3.11 not found in cache.
01:53:47,814 INFO Experiment.PerfCost-a0d7: Begin experiment
01:53:47,814 INFO Experiment.PerfCost-a0d7: Begin cold experiments
01:53:47,818 INFO Wallet.WalletFunction-0f05: Not stopping function as it was not running
01:53:57,678 INFO Experiment.PerfCost-a0d7: Processed 1 samples out of 5, 0 errors
01:54:02,684 INFO Wallet.WalletFunction-0f05: Stopping function
01:54:02,685 INFO Wallet.WalletFunction-0f05: Function stopped succesfully
01:54:13,173 INFO Experiment.PerfCost-a0d7: Processed 2 samples out of 5, 0 errors
01:54:18,179 INFO Wallet.WalletFunction-0f05: Stopping function
01:54:18,180 INFO Wallet.WalletFunction-0f05: Function stopped succesfully
01:54:29,321 INFO Experiment.PerfCost-a0d7: Processed 3 samples out of 5, 0 errors
01:54:34,327 INFO Wallet.WalletFunction-0f05: Stopping function
01:54:34,328 INFO Wallet.WalletFunction-0f05: Function stopped succesfully
01:54:45,844 INFO Experiment.PerfCost-a0d7: Processed 4 samples out of 5, 0 errors
01:54:50,850 INFO Wallet.WalletFunction-0f05: Stopping function
01:54:50,850 INFO Wallet.WalletFunction-0f05: Function stopped succesfully
01:54:59,963 INFO Experiment.PerfCost-a0d7: Processed 5 samples out of 5, 0 errors
01:55:04,966 INFO Experiment.PerfCost-a0d7: Mean 5418.1856 [ms], median 5482.075 [ms], std 865.0205222979625, CV 15.965132724467072
01:55:04,972 INFO Experiment.PerfCost-a0d7: Parametric CI (Student's t-distribution) 0.95 from 4217.344602485089 to 6619.0265975149105, within 22.1631573033399% of mean
01:55:04,974 INFO Experiment.PerfCost-a0d7: Parametric CI (Student's t-distribution) 0.99 from 3426.8673248092255 to 7409.503875190774, within 36.75249284909646% of mean
01:55:04,978 INFO Experiment.PerfCost-a0d7: Begin sequential experiments
01:55:10,140 INFO Experiment.PerfCost-a0d7: Processed 1 samples out of 5, 0 errors
01:55:20,230 INFO Experiment.PerfCost-a0d7: Processed 2 samples out of 5, 0 errors
01:55:30,310 INFO Experiment.PerfCost-a0d7: Processed 3 samples out of 5, 0 errors
01:55:40,390 INFO Experiment.PerfCost-a0d7: Processed 4 samples out of 5, 0 errors
01:55:50,470 INFO Experiment.PerfCost-a0d7: Processed 5 samples out of 5, 0 errors
01:55:55,476 INFO Experiment.PerfCost-a0d7: Mean 73.3734 [ms], median 69.801 [ms], std 5.41560850135975, CV 7.380888034846074
01:55:55,479 INFO Experiment.PerfCost-a0d7: Parametric CI (Student's t-distribution) 0.95 from 65.85533014236607 to 80.89146985763394, within 10.246315228180691% of mean
01:55:55,481 INFO Experiment.PerfCost-a0d7: Parametric CI (Student's t-distribution) 0.99 from 60.906412336646625 to 85.84038766335338, within 16.991154373864887% of mean
01:55:55,485 INFO Wallet.WalletFunction-0f05: Stopping function
01:55:55,488 INFO Wallet.WalletFunction-0f05: Function stopped succesfully
