18:00:18,239 INFO SeBS-d4f9: Created experiment output at /scratch/patrick/wallet-current/Benchmarks/SeBS/501.graph-pagerank
18:00:18,273 INFO WalletRemote-3c4e: Generating unique resource name wallet-remote-25c6c675
18:00:18,275 INFO minio.Minio-efad: Initialize a new bucket for benchmarks
18:00:18,279 INFO minio.Minio-efad: Created bucket sebs-benchmarks-wallet-remote-25c6c675
18:00:18,284 INFO Benchmark-76dd: Building benchmark 501.graph-pagerank. Reason: no cached code package.
18:00:18,288 INFO Benchmark-76dd: There is no Docker build image for wallet_remote run in python, thus skipping the Docker-based installation of dependencies.
18:00:18,289 INFO WalletRemote-3c4e: Function size 0.000006 MB
18:00:18,291 INFO Benchmark-76dd: Created code package (source hash: 8f0e7e9de26c08e8c1dbefc94f823aaa), for run on wallet_remote with python:3.11
18:00:18,297 INFO WalletRemote-3c4e: Creating new function! Reason: function 501.graph-pagerank-python-3.11 not found in cache.
18:00:18,479 INFO WalletRemote-3c4e: starting wallet server
18:00:19,484 INFO Experiment.PerfCost-b132: Begin experiment
18:00:19,484 INFO Experiment.PerfCost-b132: Begin sequential experiments
18:00:27,790 INFO Experiment.PerfCost-b132: Processed 1 samples out of 5, 0 errors
18:00:38,658 INFO Experiment.PerfCost-b132: Processed 2 samples out of 5, 0 errors
18:00:49,525 INFO Experiment.PerfCost-b132: Processed 3 samples out of 5, 0 errors
18:01:00,394 INFO Experiment.PerfCost-b132: Processed 4 samples out of 5, 0 errors
18:01:11,255 INFO Experiment.PerfCost-b132: Processed 5 samples out of 5, 0 errors
18:01:16,256 INFO Experiment.PerfCost-b132: Mean 864.4154000000001 [ms], median 864.758 [ms], std 2.9534727085246755, CV 0.34167284716638263
18:01:16,258 INFO Experiment.PerfCost-b132: Parametric CI (Student's t-distribution) 0.95 from 860.3153225775408 to 868.5154774224594, within 0.47431795204705063% of mean
18:01:16,259 INFO Experiment.PerfCost-b132: Parametric CI (Student's t-distribution) 0.99 from 857.6163657249075 to 871.2144342750927, within 0.7865471016703999% of mean
18:01:16,262 INFO WalletRemote.WalletRemoteFunction-4312: Stopping function
18:01:16,267 INFO WalletRemote.WalletRemoteFunction-4312: Function stopped succesfully
