04:45:06,483 INFO SeBS-ef2e: Created experiment output at /root/Benchmarks/SeBS/501.graph-pagerank
04:45:06,560 INFO Wallet-0b6c: Generating unique resource name wallet-91aabcaa
04:45:06,563 INFO minio.Minio-5c66: Initialize a new bucket for benchmarks
04:45:06,568 INFO minio.Minio-5c66: Created bucket sebs-benchmarks-wallet-91aabcaa
04:45:06,738 INFO Benchmark-2684: Building benchmark 501.graph-pagerank. Reason: no cached code package.
04:45:06,936 INFO Benchmark-2684: There is no Docker build image for wallet run in python, thus skipping the Docker-based installation of dependencies.
04:45:07,9 INFO Wallet-0b6c: Function size 0.000005 MB
04:45:07,50 INFO Benchmark-2684: Created code package (source hash: e3fc2034ea713c3a08295e68f4ad0ef8), for run on wallet with python:3.11
04:45:07,383 INFO Wallet-0b6c: Creating new function! Reason: function 501.graph-pagerank-python-3.11 not found in cache.
04:45:08,49 INFO Experiment.PerfCost-a65f: Begin experiment
04:45:08,50 INFO Experiment.PerfCost-a65f: Begin cold experiments
04:45:08,54 INFO Wallet.WalletFunction-2bfc: Not stopping function as it was not running
04:45:15,670 INFO Experiment.PerfCost-a65f: Processed 1 samples out of 5, 0 errors
04:45:20,676 INFO Wallet.WalletFunction-2bfc: Stopping function
04:45:20,676 INFO Wallet.WalletFunction-2bfc: Function stopped succesfully
04:45:28,294 INFO Experiment.PerfCost-a65f: Processed 2 samples out of 5, 0 errors
04:45:33,296 INFO Wallet.WalletFunction-2bfc: Stopping function
04:45:33,297 INFO Wallet.WalletFunction-2bfc: Function stopped succesfully
04:45:40,902 INFO Experiment.PerfCost-a65f: Processed 3 samples out of 5, 0 errors
04:45:45,908 INFO Wallet.WalletFunction-2bfc: Stopping function
04:45:45,909 INFO Wallet.WalletFunction-2bfc: Function stopped succesfully
04:45:53,526 INFO Experiment.PerfCost-a65f: Processed 4 samples out of 5, 0 errors
04:45:58,532 INFO Wallet.WalletFunction-2bfc: Stopping function
04:45:58,533 INFO Wallet.WalletFunction-2bfc: Function stopped succesfully
04:46:06,129 INFO Experiment.PerfCost-a65f: Processed 5 samples out of 5, 0 errors
04:46:11,137 INFO Experiment.PerfCost-a65f: Mean 2604.7902000000004 [ms], median 2610.159 [ms], std 8.28480014001545, CV 0.3180601700672649
04:46:11,143 INFO Experiment.PerfCost-a65f: Parametric CI (Student's t-distribution) 0.95 from 2593.2890536018563 to 2616.2913463981445, within 0.44153830117082365% of mean
04:46:11,145 INFO Experiment.PerfCost-a65f: Parametric CI (Student's t-distribution) 0.99 from 2585.718197082325 to 2623.862202917676, within 0.7321895989041838% of mean
04:46:11,149 INFO Experiment.PerfCost-a65f: Begin sequential experiments
04:46:16,360 INFO Experiment.PerfCost-a65f: Processed 1 samples out of 5, 0 errors
04:46:26,473 INFO Experiment.PerfCost-a65f: Processed 2 samples out of 5, 0 errors
04:46:36,586 INFO Experiment.PerfCost-a65f: Processed 3 samples out of 5, 0 errors
04:46:46,697 INFO Experiment.PerfCost-a65f: Processed 4 samples out of 5, 0 errors
04:46:56,810 INFO Experiment.PerfCost-a65f: Processed 5 samples out of 5, 0 errors
04:47:01,817 INFO Experiment.PerfCost-a65f: Mean 101.4776 [ms], median 101.583 [ms], std 0.4540971702180062, CV 0.44748512993804174
04:47:01,819 INFO Experiment.PerfCost-a65f: Parametric CI (Student's t-distribution) 0.95 from 100.84721206723202 to 102.10798793276797, within 0.6212089493326348% of mean
04:47:01,821 INFO Experiment.PerfCost-a65f: Parametric CI (Student's t-distribution) 0.99 from 100.4322467737374 to 102.52295322626259, within 1.0301319958913016% of mean
04:47:01,825 INFO Wallet.WalletFunction-2bfc: Stopping function
04:47:01,827 INFO Wallet.WalletFunction-2bfc: Function stopped succesfully
